

######################################################################
# BATCH: N = 50
######################################################################
======================================================================
CCM-Prolate-Basis Diagnose
  N      = 50
  lambda = 3.741657  (sqrt(14) = 3.741657)
  dps    = 40
======================================================================

1. Baue S und W_lambda...
   max |W - W*| = 0.000e+00

2. Diagonalisiere...

3. Niedrigste 15 Eigenwerte:
     k            eigenwert      sqrt(|ew|)
     0        87.2124318027        9.338760
     1       436.0401495621       20.881574
     2       780.7784875132       27.942414
     3      1121.3517203153       33.486590
     4      1457.6792671329       38.179566
     5      1789.6751558563       42.304552
     6      2117.2474015252       46.013557
     7      2440.2972805610       49.399365
     8      2758.7184773738       52.523504
     9      3072.3960731634       55.429199
    10      3381.2053375606       58.148133
    11      3685.0102711137       60.704285
    12      3983.6618288980       63.116256
    13      4276.9957301954       65.398744
    14      4564.8297222499       67.563524

4. Vergleich mit Riemann-Nullstellen gamma_k^2:
     k      gamma_k       gamma_k^2    naechster ew    rel-error
     1    14.134725      199.790455       87.212432    5.635e-01
     2    21.022040      441.926151      436.040150    1.332e-02
     3    25.010858      625.542997      780.778488    2.482e-01
     4    30.424876      925.673087      780.778488    1.565e-01
     5    32.935062     1084.718282     1121.351720    3.377e-02

   Saved: C:\Users\User\OneDrive\.TOPICS\.RESEARCH\.PRIO-1\DRAFT__META_RH_TREE\02_FST_MATHEMATICS\fst_spectrum_duality\_results\prolate_scan_N50_lam3.741657.json


######################################################################
# BATCH: N = 100
######################################################################
======================================================================
CCM-Prolate-Basis Diagnose
  N      = 100
  lambda = 3.741657  (sqrt(14) = 3.741657)
  dps    = 40
======================================================================

1. Baue S und W_lambda...
   max |W - W*| = 0.000e+00

2. Diagonalisiere...

3. Niedrigste 15 Eigenwerte:
     k            eigenwert      sqrt(|ew|)
     0      -619.8507264070      -24.896802
     1      -618.9211446997      -24.878126
     2        87.2124318027        9.338760
     3       436.0401495621       20.881574
     4       780.7784875132       27.942414
     5      1121.3517203153       33.486590
     6      1457.6792671329       38.179566
     7      1789.6751558563       42.304552
     8      2091.4652224029       45.732540
     9      2092.3243906325       45.741933
    10      2117.2474015252       46.013557
    11      2440.2972805610       49.399365
    12      2758.7184773738       52.523504
    13      3072.3960731635       55.429199
    14      3381.2053375606       58.148133

4. Vergleich mit Riemann-Nullstellen gamma_k^2:
     k      gamma_k       gamma_k^2    naechster ew    rel-error
     1    14.134725      199.790455       87.212432    5.635e-01
     2    21.022040      441.926151      436.040150    1.332e-02
     3    25.010858      625.542997      780.778488    2.482e-01
     4    30.424876      925.673087      780.778488    1.565e-01
     5    32.935062     1084.718282     1121.351720    3.377e-02

   Saved: C:\Users\User\OneDrive\.TOPICS\.RESEARCH\.PRIO-1\DRAFT__META_RH_TREE\02_FST_MATHEMATICS\fst_spectrum_duality\_results\prolate_scan_N100_lam3.741657.json


######################################################################
# BATCH: N = 200
######################################################################
======================================================================
CCM-Prolate-Basis Diagnose
  N      = 200
  lambda = 3.741657  (sqrt(14) = 3.741657)
  dps    = 40
======================================================================

1. Baue S und W_lambda...
   max |W - W*| = 0.000e+00

2. Diagonalisiere...

3. Niedrigste 15 Eigenwerte:
     k            eigenwert      sqrt(|ew|)
     0    -75810.2073853779     -275.336535
     1    -75809.5001296693     -275.335250
     2    -66017.9838339775     -256.939650
     3    -66017.2619929690     -256.938245
     4    -58486.6370645747     -241.840106
     5    -58485.9047268920     -241.838592
     6    -52186.2366790169     -228.443071
     7    -52185.4964381564     -228.441451
     8    -46713.3272890783     -216.132661
     9    -46712.5811896672     -216.130935
    10    -41855.5413029626     -204.586269
    11    -41854.7911276626     -204.584435
    12    -37483.1002629041     -193.605527
    13    -37482.3476555963     -193.603584
    14    -33509.0713791133     -183.054832

4. Vergleich mit Riemann-Nullstellen gamma_k^2:
     k      gamma_k       gamma_k^2    naechster ew    rel-error
     1    14.134725      199.790455       87.212432    5.635e-01
     2    21.022040      441.926151      436.040150    1.332e-02
     3    25.010858      625.542997      567.523122    9.275e-02
     4    30.424876      925.673087      780.778488    1.565e-01
     5    32.935062     1084.718282     1121.351720    3.377e-02

   Saved: C:\Users\User\OneDrive\.TOPICS\.RESEARCH\.PRIO-1\DRAFT__META_RH_TREE\02_FST_MATHEMATICS\fst_spectrum_duality\_results\prolate_scan_N200_lam3.741657.json
