======================================================================
dirichlet_ccm_fourier_mp.py
  mpmath dps = 80
  N          = 20
  lambda     = 3.741657
  chi        = trivial
======================================================================

  Baue QW bei lambda=3.741657, N=20, dps=80
  L = 2 log(lambda) = 2.639057
  Baue W_R...
  Berechne alpha/beta/gamma fuer n in [-20, 20]...
  Baue W_prime...
  Prim-Summe bis k_max = 13
  Baue W_02 (Pol)...

  [Diagnose] Vollraum-Diagonalisierung:
  Diagonalisiere 41x41 mit mp.eigsy (dps=80)...
    Fertig in 3.2s
    Niedrigste 10 Eigenwerte (Vollraum):
      k=  0: w = -1.336905418156517e+00
      k=  1: w = -1.336905418156517e+00
      k=  2: w = -1.336905418156517e+00
      k=  3: w = -1.336905418156517e+00
      k=  4: w = -1.336905418156517e+00
      k=  5: w = -1.336905418156517e+00
      k=  6: w = -1.336905418156517e+00
      k=  7: w = -1.336905418156517e+00
      k=  8: w = -1.336905418156517e+00
      k=  9: w = -1.336905418156517e+00

  Projektion auf EVEN-Unterraum (Dim N+1 = 21)...
  Diagonalisiere EVEN-Matrix (21x21)...
  Diagonalisiere 21x21 mit mp.eigsy (dps=80)...
    Fertig in 0.4s

  Niedrigste 15 Eigenwerte (EVEN-Unterraum):
    k=  0: w = -1.336905418156517e+00   gap-to-next = +7.868e-35
    k=  1: w = -1.336905418156517e+00   gap-to-next = +2.195e-29
    k=  2: w = -1.336905418156517e+00   gap-to-next = +1.551e-24
    k=  3: w = -1.336905418156517e+00   gap-to-next = +2.113e-20
    k=  4: w = -1.336905418156517e+00   gap-to-next = +2.656e-16
    k=  5: w = -1.336905418156517e+00   gap-to-next = +5.232e-13
    k=  6: w = -1.336905418155993e+00   gap-to-next = +7.083e-10
    k=  7: w = -1.336905417447720e+00   gap-to-next = +4.236e-07
    k=  8: w = -1.336904993806574e+00   gap-to-next = +8.955e-05
    k=  9: w = -1.336815442249290e+00   gap-to-next = +9.142e-03
    k= 10: w = -1.327673652150388e+00   gap-to-next = +3.790e-01
    k= 11: w = -9.486593147019630e-01   gap-to-next = +1.322e+00
    k= 12: w = +3.736968451601837e-01   gap-to-next = +3.184e-01
    k= 13: w = +6.921414376588227e-01   gap-to-next = +4.502e-01
    k= 14: w = +1.142312861747474e+00   gap-to-next = +8.656e-02

  Cluster-Projektion im Even-Unterraum (tol=1e-3):
    Cluster-Groesse = 10  (k=0..9)
    Projektions-Koeffizienten: ['+3.414e-20', '+3.805e-17', '+2.103e-14', '+5.300e-12', '+5.973e-10', '+6.750e-08']...

  Grundzustand:
    w_min       = -1.336905418156517e+00
    |<delta_N, xi>| = 3.887962e-02
    sum(xi_j)   = 6.316063e-02   (sqrt(L) = 1.624518)
    xi normiert: sum -> sqrt(L)

  Suche F(z)-Nullstellen bei z in [0, 50]...
    Gefundene Nullstellen (Grob-Scan): []

  Feinsuche Nullstellen um Riemann-gamma_k:
    k=1: gamma_k=14.1347251417, FEHLER: Could not find root within given tolerance. (1.5214596412690955e-13 > 1.0000000000000000000000000000000000000000000000000000000000000000000000000000000001972e-60)
Try another starting point or tweak arguments.
    k=2: gamma_k=21.0220396388, FEHLER: Could not find root within given tolerance. (6.819738710476675e-14 > 1.0000000000000000000000000000000000000000000000000000000000000000000000000000000001972e-60)
Try another starting point or tweak arguments.
    k=3: gamma_k=25.0108575801, FEHLER: Could not find root within given tolerance. (4.392615106576572e-14 > 1.0000000000000000000000000000000000000000000000000000000000000000000000000000000001972e-60)
Try another starting point or tweak arguments.
    k=4: gamma_k=30.4248761259, FEHLER: Could not find root within given tolerance. (2.498619916556861e-14 > 1.0000000000000000000000000000000000000000000000000000000000000000000000000000000001972e-60)
Try another starting point or tweak arguments.
    k=5: gamma_k=32.9350615877, FEHLER: Could not find root within given tolerance. (1.9491861275443688e-14 > 1.0000000000000000000000000000000000000000000000000000000000000000000000000000000001972e-60)
Try another starting point or tweak arguments.

  Gesamtzeit: 23.9s
