======================================================================
dirichlet_ccm_fourier_mp.py
  mpmath dps = 80
  N          = 20
  lambda     = 3.741657
  chi        = trivial
======================================================================

  Baue QW bei lambda=3.741657, N=20, dps=80
  L = 2 log(lambda) = 2.639057
  Baue W_R...
  Berechne alpha/beta/gamma fuer n in [-20, 20]...
  Baue W_prime...
  Prim-Summe bis k_max = 13
  Baue W_02 (Pol)...

  [Diagnose] Vollraum-Diagonalisierung:
  Diagonalisiere 41x41 mit mp.eigsy (dps=80)...
    Fertig in 2.5s
    Niedrigste 10 Eigenwerte (Vollraum):
      k=  0: w = -1.336905418156517e+00
      k=  1: w = -1.336905418156517e+00
      k=  2: w = -1.336905418156517e+00
      k=  3: w = -1.336905418156517e+00
      k=  4: w = -1.336905418156517e+00
      k=  5: w = -1.336905418156517e+00
      k=  6: w = -1.336905418156517e+00
      k=  7: w = -1.336905418156517e+00
      k=  8: w = -1.336905418156517e+00
      k=  9: w = -1.336905418156517e+00

  Projektion auf EVEN-Unterraum (Dim N+1 = 21)...
  Diagonalisiere EVEN-Matrix (21x21)...
  Diagonalisiere 21x21 mit mp.eigsy (dps=80)...
    Fertig in 0.4s

  Niedrigste 15 Eigenwerte (EVEN-Unterraum):
    k=  0: w = -1.336905418156517e+00   gap-to-next = +7.868e-35
    k=  1: w = -1.336905418156517e+00   gap-to-next = +2.195e-29
    k=  2: w = -1.336905418156517e+00   gap-to-next = +1.551e-24
    k=  3: w = -1.336905418156517e+00   gap-to-next = +2.113e-20
    k=  4: w = -1.336905418156517e+00   gap-to-next = +2.656e-16
    k=  5: w = -1.336905418156517e+00   gap-to-next = +5.232e-13
    k=  6: w = -1.336905418155993e+00   gap-to-next = +7.083e-10
    k=  7: w = -1.336905417447720e+00   gap-to-next = +4.236e-07
    k=  8: w = -1.336904993806574e+00   gap-to-next = +8.955e-05
    k=  9: w = -1.336815442249290e+00   gap-to-next = +9.142e-03
    k= 10: w = -1.327673652150388e+00   gap-to-next = +3.790e-01
    k= 11: w = -9.486593147019630e-01   gap-to-next = +1.322e+00
    k= 12: w = +3.736968451601837e-01   gap-to-next = +3.184e-01
    k= 13: w = +6.921414376588227e-01   gap-to-next = +4.502e-01
    k= 14: w = +1.142312861747474e+00   gap-to-next = +8.656e-02

  Grundzustand:
    w_min       = -1.336905418156517e+00
    Cluster-Groesse (tol=1.0e-70) = 1
    |<delta_N, xi>| = 1.677404e-01
Traceback (most recent call last):
  File "C:\Users\User\OneDrive\.TOPICS\.RESEARCH\.PRIO-1\DRAFT__META_RH_TREE\02_FST_MATHEMATICS\fst_spectrum_duality\_scripts\dirichlet_ccm_fourier_mp.py", line 561, in <module>
    main(N=N, lam=LAMBDA, dps=DPS, chi_name=os.environ.get("CHI", "trivial"))
  File "C:\Users\User\OneDrive\.TOPICS\.RESEARCH\.PRIO-1\DRAFT__META_RH_TREE\02_FST_MATHEMATICS\fst_spectrum_duality\_scripts\dirichlet_ccm_fourier_mp.py", line 510, in main
    val = xi[i, 0]
          ~~^^^^^^
  File "C:\Users\User\AppData\Local\Packages\PythonSoftwareFoundation.Python.3.12_qbz5n2kfra8p0\LocalCache\local-packages\Python312\site-packages\mpmath\matrices\matrices.py", line 491, in __getitem__
    raise IndexError('matrix index out of range')
IndexError: matrix index out of range
