======================================================================
dirichlet_ccm_fourier_mp.py
  mpmath dps = 100
  N          = 30
  lambda     = 3.741657
  chi        = trivial
======================================================================

  Baue QW bei lambda=3.741657, N=30, dps=100
  L = 2 log(lambda) = 2.639057
  Baue W_R...
  Berechne alpha/beta/gamma fuer n in [-30, 30]...
  Baue W_prime...
  Prim-Summe bis k_max = 13
  Baue W_02 (Pol)...

  [Diagnose] Vollraum-Diagonalisierung:
  Diagonalisiere 61x61 mit mp.eigsy (dps=100)...
    Fertig in 10.4s
    Niedrigste 10 Eigenwerte (Vollraum):
      k=  0: w = -1.336905418156517e+00
      k=  1: w = -1.336905418156517e+00
      k=  2: w = -1.336905418156517e+00
      k=  3: w = -1.336905418156517e+00
      k=  4: w = -1.336905418156517e+00
      k=  5: w = -1.336905418156517e+00
      k=  6: w = -1.336905418156517e+00
      k=  7: w = -1.336905418156517e+00
      k=  8: w = -1.336905418156517e+00
      k=  9: w = -1.336905418156517e+00

  Projektion auf EVEN-Unterraum (Dim N+1 = 31)...
  Diagonalisiere EVEN-Matrix (31x31)...
  Diagonalisiere 31x31 mit mp.eigsy (dps=100)...
    Fertig in 1.4s

  Niedrigste 15 Eigenwerte (EVEN-Unterraum):
    k=  0: w = -1.336905418156517e+00   gap-to-next = +1.886e-43
    k=  1: w = -1.336905418156517e+00   gap-to-next = +1.285e-37
    k=  2: w = -1.336905418156517e+00   gap-to-next = +2.054e-32
    k=  3: w = -1.336905418156517e+00   gap-to-next = +8.166e-28
    k=  4: w = -1.336905418156517e+00   gap-to-next = +2.988e-23
    k=  5: w = -1.336905418156517e+00   gap-to-next = +2.509e-19
    k=  6: w = -1.336905418156517e+00   gap-to-next = +1.391e-15
    k=  7: w = -1.336905418156516e+00   gap-to-next = +3.575e-12
    k=  8: w = -1.336905418152940e+00   gap-to-next = +7.316e-09
    k=  9: w = -1.336905410836692e+00   gap-to-next = +4.305e-06
    k= 10: w = -1.336901106014093e+00   gap-to-next = +2.474e-03
    k= 11: w = -1.334427343830094e+00   gap-to-next = +2.021e-01
    k= 12: w = -1.132342667108269e+00   gap-to-next = +5.670e-01
    k= 13: w = -5.653316348013778e-01   gap-to-next = +7.287e-01
    k= 14: w = +1.633647346923204e-01   gap-to-next = +2.990e-01

  Cluster-Projektion im Even-Unterraum (tol=1e-3):
    Cluster-Groesse = 11  (k=0..10)
    Projektions-Koeffizienten: ['+1.188e-24', '+2.019e-21', '+1.729e-18', '+6.825e-16', '+1.300e-13', '+2.678e-11']...

  Grundzustand:
    w_min       = -1.336905418156517e+00
    |<delta_N, xi>| = 1.012302e-02
    sum(xi_j)   = 1.644502e-02   (sqrt(L) = 1.624518)
    xi normiert: sum -> sqrt(L)

  Suche F(z)-Nullstellen bei z in [0, 50]...
    Gefundene Nullstellen (Grob-Scan): []

  Feinsuche Nullstellen um Riemann-gamma_k:

  (a) F(gamma_k) direkt:
    k=1: F(gamma_1) = -6.922e+00
    k=2: F(gamma_2) = -4.107e+00
    k=3: F(gamma_3) = -3.088e+00
    k=4: F(gamma_4) = -2.140e+00
    k=5: F(gamma_5) = -1.820e+00

  (b) findroot (tol=1e-12):
    k=1: gamma_k=14.134725141735, FEHLER:
    k=2: gamma_k=21.022039638772, FEHLER:
    k=3: gamma_k=25.010857580146, FEHLER:
    k=4: gamma_k=30.424876125860, FEHLER:
    k=5: gamma_k=32.935061587739, FEHLER:

  Gesamtzeit: 57.4s
