======================================================================
dirichlet_ccm_fourier_mp.py
  mpmath dps = 80
  N          = 20
  lambda     = 3.741657
  chi        = trivial
======================================================================

  Baue QW bei lambda=3.741657, N=20, dps=80
  L = 2 log(lambda) = 2.639057
  Baue W_R...
  Berechne alpha/beta/gamma fuer n in [-20, 20]...
  Baue W_prime...
  Prim-Summe bis k_max = 13
  Baue W_02 (Pol)...
  Diagonalisiere 41x41 mit mp.eigsy (dps=80)...
    Fertig in 2.6s

  Niedrigste 15 Eigenwerte:
    k=  0: w = -1.336905418156517e+00
    k=  1: w = -1.336905418156517e+00
    k=  2: w = -1.336905418156517e+00
    k=  3: w = -1.336905418156517e+00
    k=  4: w = -1.336905418156517e+00
    k=  5: w = -1.336905418156517e+00
    k=  6: w = -1.336905418156517e+00
    k=  7: w = -1.336905418156517e+00
    k=  8: w = -1.336905418156517e+00
    k=  9: w = -1.336905418156517e+00
    k= 10: w = -1.336905418156517e+00
    k= 11: w = -1.336905418156504e+00
    k= 12: w = -1.336905418155993e+00
    k= 13: w = -1.336905418134946e+00
    k= 14: w = -1.336905417447720e+00

  Grundzustand:
    w_min       = -1.336905418156517e+00
    Cluster-Groesse (tol=1.0e-70) = 1
    |<delta_N, xi>| = 3.414434e-20
    sum(xi_j)   = -3.713659e-18   (sqrt(L) = 1.624518)

  Suche F(z)-Nullstellen bei z in [0, 50]...
    Gefundene Nullstellen: []

  Gesamtzeit: 33.8s
