======================================================================
dirichlet_ccm_fourier_mp.py
  mpmath dps = 100
  N          = 30
  lambda     = 3.741657
  chi        = trivial
======================================================================

  Baue QW bei lambda=3.741657, N=30, dps=100
  L = 2 log(lambda) = 2.639057
  Baue W_R...
  Berechne alpha/beta/gamma fuer n in [-30, 30]...
  Baue W_prime...
  Prim-Summe bis k_max = 13
  Baue W_02 (Pol)...

  [Diagnose] Vollraum-Diagonalisierung:
  Diagonalisiere 61x61 mit mp.eigsy (dps=100)...
    Fertig in 9.2s
    Niedrigste 10 Eigenwerte (Vollraum):
      k=  0: w = -1.336905418156517e+00
      k=  1: w = -1.336905418156517e+00
      k=  2: w = -1.336905418156517e+00
      k=  3: w = -1.336905418156517e+00
      k=  4: w = -1.336905418156517e+00
      k=  5: w = -1.336905418156517e+00
      k=  6: w = -1.336905418156517e+00
      k=  7: w = -1.336905418156517e+00
      k=  8: w = -1.336905418156517e+00
      k=  9: w = -1.336905418156517e+00

  Projektion auf EVEN-Unterraum (Dim N+1 = 31)...
  Diagonalisiere EVEN-Matrix (31x31)...
  Diagonalisiere 31x31 mit mp.eigsy (dps=100)...
    Fertig in 1.2s

  Niedrigste 15 Eigenwerte (EVEN-Unterraum):
    k=  0: w = -1.336905418156517e+00   gap-to-next = +1.886e-43
    k=  1: w = -1.336905418156517e+00   gap-to-next = +1.285e-37
    k=  2: w = -1.336905418156517e+00   gap-to-next = +2.054e-32
    k=  3: w = -1.336905418156517e+00   gap-to-next = +8.166e-28
    k=  4: w = -1.336905418156517e+00   gap-to-next = +2.988e-23
    k=  5: w = -1.336905418156517e+00   gap-to-next = +2.509e-19
    k=  6: w = -1.336905418156517e+00   gap-to-next = +1.391e-15
    k=  7: w = -1.336905418156516e+00   gap-to-next = +3.575e-12
    k=  8: w = -1.336905418152940e+00   gap-to-next = +7.316e-09
    k=  9: w = -1.336905410836692e+00   gap-to-next = +4.305e-06
    k= 10: w = -1.336901106014093e+00   gap-to-next = +2.474e-03
    k= 11: w = -1.334427343830094e+00   gap-to-next = +2.021e-01
    k= 12: w = -1.132342667108269e+00   gap-to-next = +5.670e-01
    k= 13: w = -5.653316348013778e-01   gap-to-next = +7.287e-01
    k= 14: w = +1.633647346923204e-01   gap-to-next = +2.990e-01

  Cluster-Projektion im Even-Unterraum (tol=1e-3):
    Cluster-Groesse = 11  (k=0..10)
    Projektions-Koeffizienten: ['+1.188e-24', '+2.019e-21', '+1.729e-18', '+6.825e-16', '+1.300e-13', '+2.678e-11']...

  Grundzustand:
    w_min       = -1.336905418156517e+00
    |<delta_N, xi>| = 1.012302e-02
    sum(xi_j)   = 1.644502e-02   (sqrt(L) = 1.624518)
    xi normiert: sum -> sqrt(L)

  Suche F(z)-Nullstellen bei z in [0, 50]...
    Gefundene Nullstellen (Grob-Scan): ['1.2712', '2.3808', '3.8143', '4.7617', '6.3601', '7.1425', '8.9111', '9.5234']

  F(gamma_k) direkt (sollte 0 sein):
    k=1: gamma_1 = 14.1347251417, F = +2.509e-05
    k=2: gamma_2 = 21.0220396388, F = -6.870e-05
    k=3: gamma_3 = 25.0108575801, F = -4.326e-05
    k=4: gamma_4 = 30.4248761259, F = -7.668e-05
    k=5: gamma_5 = 32.9350615877, F = -1.061e-04

  Scan nach Vorzeichenwechseln in F(z) auf [0.1, 50]...
  Gefundene Nullstellen:
    z_1 = 1.271159402708   gamma_1 = 14.134725141735   err = 1.286e+01
    z_2 = 2.380844567744   gamma_2 = 21.022039638772   err = 1.864e+01
    z_3 = 3.814314780666   gamma_3 = 25.010857580146   err = 2.120e+01
    z_4 = 4.761689135488   gamma_4 = 30.424876125860   err = 2.566e+01
    z_5 = 6.360139171057   gamma_5 = 32.935061587739   err = 2.657e+01
    z_6 = 7.142533703232
    z_7 = 8.911070740938
    z_8 = 9.523378270976
    z_9 = 11.471378025463
    z_10 = 11.904222838720

  Gesamtzeit: 64.2s
