======================================================================
Dirichlet chi_3 CCM-Test
  lambda = 10.0, N = 30, dps = 100
  parity = odd  (chi_3(-1) = -1)
  q_mod = 3, kein W02
======================================================================

  Baue QW bei lambda=10.000000, N=30, dps=100
  L = 2 log(lambda) = 4.605170
  chi parity = odd, q_mod = 3
  Baue W_R...
  Berechne alpha/beta/gamma (parity=odd) fuer n in [-30, 30]...
  Baue W_prime...
  Prim-Summe bis k_max = 100
  Diagonalisiere 31x31 mit mp.eigsy (dps=100)...
    Fertig in 1.1s

  Niedrigste 10 Eigenwerte:
    k=  0: w = -8.285755598506e-01   gap = +5.885e-53
    k=  1: w = -8.285755598506e-01   gap = +7.426e-47
    k=  2: w = -8.285755598506e-01   gap = +1.100e-41
    k=  3: w = -8.285755598506e-01   gap = +3.502e-37
    k=  4: w = -8.285755598506e-01   gap = +8.131e-33
    k=  5: w = -8.285755598506e-01   gap = +9.999e-29
    k=  6: w = -8.285755598506e-01   gap = +4.062e-25
    k=  7: w = -8.285755598506e-01   gap = +1.010e-21
    k=  8: w = -8.285755598506e-01   gap = +1.615e-18
    k=  9: w = -8.285755598506e-01   gap = +1.692e-15

  F(gamma) bei chi_3-Nullstellen:
    gamma_chi3,1 = 8.039737159558621   F = -1.171573e-06
    gamma_chi3,2 = 13.922653602824983   F = +4.721148e+00
    gamma_chi3,3 = 17.821443649486849   F = -4.825641e+01
    gamma_chi3,4 = 21.139710893970584   F = +9.278114e+00
    gamma_chi3,5 = 24.282206057008690   F = +9.075234e+00

  F(gamma) bei Riemann-Nullstellen (Sanity — sollten NICHT null sein):
    gamma_R,1 = 14.1347251417   F = +9.677049e+00
    gamma_R,2 = 21.0220396388   F = +7.660986e+00

  F(gamma) bei chi_4-Nullstellen (Sanity — sollten NICHT null sein):
    gamma_chi4,1 = 6.0209484065   F = +1.459104e+01
    gamma_chi4,2 = 10.2437665655   F = +1.825194e+01

  Scan F(z) auf [0.1, 30] nach Nullstellen:
  Gefundene Nullstellen (Match mit chi_3):
    z_ 1 = 0.725798719088
    z_ 2 = 1.364376353842
    z_ 3 = 2.177710855718
    z_ 4 = 2.728752707684
    z_ 5 = 3.630624322991
    z_ 6 = 4.093129061526
    z_ 7 = 5.085444382234
    z_ 8 = 5.457505415367
    z_ 9 = 6.543722323724
    z_10 = 6.821881769209
    z_11 = 8.039737148045  *** chi3,1 err=1.151e-08
    z_12 = 8.186258123051  *** chi3,1 err=1.465e-01
    z_13 = 9.486545844568
    z_14 = 9.550634476893
    z_15 = 10.915010830735
    z_16 = 11.249206107017
    z_17 = 12.245276935757
    z_18 = 12.279387184577
    z_19 = 13.643763538418  *** chi3,2 err=2.789e-01
    z_20 = 13.826899447406  *** chi3,2 err=9.575e-02
