Cluster-Mechanismus-Analyse: lambda=3.0, N=30, dps=100
L = 2.197225
================================================================================

1. Baue W02, WR, W' separat...
2. Even-Projektion...

3. W02_even Eigenwerte (sollte Rang 1 sein):
   Nicht-Null-Eigenwerte: 1
     k=30: eigenvalue = +4.863891e+00

   W02-Richtung: u_tilde (k=30), C_tilde = +4.863891e+00

4. Volle Matrix M_even = W02_even - WR_even - Wp_even
   Cluster: 5 Eigenvektoren bei w_min = -1.150438769316e+00

5. PHP: H eingeschraenkt auf Nullraum von W02_even
   Nullraum-Dimension: 30

   PHP Eigenwerte (unterste 10):
     k=0: w_php = -1.150438769316e+00   gap = 1.392e-24
     k=1: w_php = -1.150438769316e+00   gap = 3.973e-19
     k=2: w_php = -1.150438769316e+00   gap = 2.481e-14
     k=3: w_php = -1.150438769316e+00   gap = 6.295e-10
     k=4: w_php = -1.150438768686e+00   gap = 4.668e-06
     k=5: w_php = -1.150434100990e+00   gap = 8.140e-03
     k=6: w_php = -1.142293792371e+00   gap = 5.512e-01
     k=7: w_php = -5.911296344619e-01   gap = 1.335e-01
     k=8: w_php = -4.576786612864e-01   gap = 2.288e-01
     k=9: w_php = -2.288410057801e-01   gap = 7.859e-02

6. Vergleich: Cluster-EW von M_even vs. PHP-EW
     k         M_even EW            PHP EW     Differenz
     0  -1.150438769316e+00  -1.150438769316e+00     0.000e+00
     1  -1.150438769316e+00  -1.150438769316e+00     0.000e+00
     2  -1.150438769316e+00  -1.150438769316e+00     0.000e+00
     3  -1.150438769316e+00  -1.150438769316e+00     2.487e-14
     4  -1.150438769316e+00  -1.150438768686e+00     6.295e-10

7. Kopplungs-Analyse der Cluster-Eigenvektoren:
     k    <q_k,u_tilde>      <q_k,H,q_k>         F(g1)         F(g2)
     0    -5.532843e-01    -2.639390e+00   +1.4532e-17   +1.7395e-19
     1    +4.148856e-01    -1.987661e+00   +1.8225e-16   +5.0630e-18
     2    -3.770033e-01    -1.841751e+00   +8.4748e-16   +6.2835e-17
     3    -2.945937e-01    -1.572554e+00   -1.3867e-15   -3.4735e-16
     4    -3.202984e-01    -1.649430e+00   -3.4845e-14   +6.7980e-15

8. Zerlegung: Wie viel W02-Richtung steckt in jedem Cluster-EV?
   W02 = C_tilde * |u_tilde><u_tilde|,  C_tilde = +4.863891e+00
   Fuer jeden Cluster-EV q_k: ||P q_k||^2 = 1 - |<q_k,u_tilde>|^2
   k=0: |<q_k,u_tilde>|^2 = 3.061235e-01   ||P q_k||^2 = 6.938765e-01
   k=1: |<q_k,u_tilde>|^2 = 1.721301e-01   ||P q_k||^2 = 8.278699e-01
   k=2: |<q_k,u_tilde>|^2 = 1.421315e-01   ||P q_k||^2 = 8.578685e-01
   k=3: |<q_k,u_tilde>|^2 = 8.678544e-02   ||P q_k||^2 = 9.132146e-01
   k=4: |<q_k,u_tilde>|^2 = 1.025910e-01   ||P q_k||^2 = 8.974090e-01
