Cluster-Boundary Eigenvector Analysis
  N=30, dps=100

================================================================================
  Riemann_zeta  lambda=3.0  N=30  (56.5s)
  w_min = -1.150438769316e+00
================================================================================

  --- Cluster threshold = 1e-10 -> 5 Eigenvektoren ---
    k           gap         F(g1)         F(g2)         F(g3)         F(g4)         F(g5)
    0     0.000e+00   +4.4061e+00   +5.2742e-02   -1.7386e-03   -6.7643e-05   +3.6593e-05
    1     1.921e-30   -2.6390e-02   -7.3313e-04   +3.4901e-05   +2.0639e-06   -1.3257e-06
    2     1.805e-24   +1.2141e-04   +9.0020e-06   -6.3692e-07   -5.8459e-08   +4.4799e-08
    3     4.529e-19   -3.9838e-07   -9.9787e-08   +1.0725e-08   +2.1801e-09   -3.2870e-10
    4     2.841e-14   -4.0492e-08   +7.8997e-09   +9.5585e-09   -2.6764e-08   -3.8448e-08

  Bester Eigenvektor: k=4 (sum|F|=1.2316e-07)
  Scan: 21 Nullstellen, Matches mit Riemann_zeta:
    z=14.134725141734748 -> gamma_1=14.134725141734693  err=5.5067e-14
    z=14.298004336900636 -> gamma_1=14.134725141734693  err=1.6328e-01
    z=21.022039638771581 -> gamma_2=21.022039638771552  err=2.8422e-14
    z=25.010857580145725 -> gamma_3=25.010857580145689  err=3.5527e-14
    z=30.424876125860024 -> gamma_4=30.424876125859512  err=5.1159e-13
    z=32.935061587740776 -> gamma_5=32.935061587739192  err=1.5845e-12

  --- Cluster threshold = 1e-05 -> 7 Eigenvektoren ---
    k           gap         F(g1)         F(g2)         F(g3)         F(g4)         F(g5)
    0     0.000e+00   +4.4061e+00   +5.2742e-02   -1.7386e-03   -6.7643e-05   +3.6593e-05
    1     1.921e-30   -2.6390e-02   -7.3313e-04   +3.4901e-05   +2.0639e-06   -1.3257e-06
    2     1.805e-24   +1.2141e-04   +9.0020e-06   -6.3692e-07   -5.8459e-08   +4.4799e-08
    3     4.529e-19   -3.9838e-07   -9.9787e-08   +1.0725e-08   +2.1801e-09   -3.2870e-10
    4     2.841e-14   -4.0492e-08   +7.8997e-09   +9.5585e-09   -2.6764e-08   -3.8448e-08
    5     6.678e-10   -2.7840e-06   +6.2276e-07   +4.4440e-07   +2.2041e-06   +1.7722e-06
    6     5.019e-06   +1.2326e-05   -3.7606e-05   -9.5731e-05   -6.1285e-05   -6.1937e-06

  Bester Eigenvektor: k=4 (sum|F|=1.2316e-07)
  Scan: 21 Nullstellen, Matches mit Riemann_zeta:
    z=14.134725141734748 -> gamma_1=14.134725141734693  err=5.5067e-14
    z=14.298004336900636 -> gamma_1=14.134725141734693  err=1.6328e-01
    z=21.022039638771581 -> gamma_2=21.022039638771552  err=2.8422e-14
    z=25.010857580145725 -> gamma_3=25.010857580145689  err=3.5527e-14
    z=30.424876125860024 -> gamma_4=30.424876125859512  err=5.1159e-13
    z=32.935061587740776 -> gamma_5=32.935061587739192  err=1.5845e-12

================================================================================
  L(s,chi_4)  lambda=10.0  N=30  (66.4s)
  w_min = -1.116257632302e+00
================================================================================

  --- Cluster threshold = 1e-10 -> 10 Eigenvektoren ---
    k           gap         F(g1)         F(g2)         F(g3)         F(g4)         F(g5)
    0     0.000e+00   +1.5042e+18   +4.3492e+17   -2.2691e+16   -5.2800e+18   +2.5852e+14
    1     1.447e-46   -5.7639e+15   -5.1613e+15   +4.4409e+14   +1.6875e+17   -1.0557e+13
    2     5.290e-41   +1.8003e+13   +6.6848e+13   -9.9361e+12   -6.3408e+15   +5.1201e+11
    3     6.369e-36   +3.6970e+10   -3.5545e+11   +1.1829e+11   +1.4174e+14   -1.5241e+10
    4     2.115e-31   -3.3210e+07   +1.1241e+09   -1.2375e+09   -3.0091e+12   +4.3830e+08
    5     5.150e-27   -1.3819e+06   +1.4212e+07   -2.0720e+05   +3.3779e+10   -8.1986e+06
    6     3.858e-23   -1.8340e+04   +4.7172e+04   +5.8442e+04   -2.3509e+08   +1.3622e+05
    7     1.919e-19   -2.8832e+02   -9.7977e+02   +7.1009e+02   -4.6136e+06   +1.3317e+02
    8     4.004e-16   -3.2680e+00   -3.1447e+01   -7.5693e+00   +7.3103e+04   -3.8051e+01
    9     3.249e-13   -6.6445e-02   -1.3902e+00   -8.2706e-01   +5.5526e+03   -1.1043e+00

  Bester Eigenvektor: k=9 (sum|F|=5.5560e+03)
  Scan: 30 Nullstellen, Matches mit L(s,chi_4):
    z=6.020948904697736 -> gamma_1=6.020948406467813  err=4.9823e-07
    z=6.422550572450220 -> gamma_1=6.020948406467813  err=4.0160e-01
    z=10.243770304166581 -> gamma_2=10.243766565498344  err=3.7387e-06
    z=12.988098012312413 -> gamma_3=12.988096097420339  err=1.9149e-06
    z=16.342607104587223 -> gamma_4=16.343297172788684  err=6.9007e-04
    z=16.372516246102094 -> gamma_4=16.343297172788684  err=2.9219e-02
    z=18.291993196123578 -> gamma_5=18.291996171925028  err=2.9758e-06

  --- Cluster threshold = 1e-05 -> 12 Eigenvektoren ---
    k           gap         F(g1)         F(g2)         F(g3)         F(g4)         F(g5)
    0     0.000e+00   +1.5042e+18   +4.3492e+17   -2.2691e+16   -5.2800e+18   +2.5852e+14
    1     1.447e-46   -5.7639e+15   -5.1613e+15   +4.4409e+14   +1.6875e+17   -1.0557e+13
    2     5.290e-41   +1.8003e+13   +6.6848e+13   -9.9361e+12   -6.3408e+15   +5.1201e+11
    3     6.369e-36   +3.6970e+10   -3.5545e+11   +1.1829e+11   +1.4174e+14   -1.5241e+10
    4     2.115e-31   -3.3210e+07   +1.1241e+09   -1.2375e+09   -3.0091e+12   +4.3830e+08
    5     5.150e-27   -1.3819e+06   +1.4212e+07   -2.0720e+05   +3.3779e+10   -8.1986e+06
    6     3.858e-23   -1.8340e+04   +4.7172e+04   +5.8442e+04   -2.3509e+08   +1.3622e+05
    7     1.919e-19   -2.8832e+02   -9.7977e+02   +7.1009e+02   -4.6136e+06   +1.3317e+02
    8     4.004e-16   -3.2680e+00   -3.1447e+01   -7.5693e+00   +7.3103e+04   -3.8051e+01
    9     3.249e-13   -6.6445e-02   -1.3902e+00   -8.2706e-01   +5.5526e+03   -1.1043e+00
   10     1.588e-10   -1.5942e-04   -3.3117e-02   -2.5405e-02   +6.9978e+01   +2.3556e-02
   11     6.295e-08   +9.9897e-05   -2.3474e-04   -4.0778e-04   -5.6798e+00   +3.1857e-03

  Bester Eigenvektor: k=11 (sum|F|=5.6837e+00)
  Scan: 30 Nullstellen, Matches mit L(s,chi_4):
    z=5.672798689095416 -> gamma_1=6.020948406467813  err=3.4815e-01
    z=6.020948876380050 -> gamma_1=6.020948406467813  err=4.6991e-07
    z=10.243770412116024 -> gamma_2=10.243766565498344  err=3.8466e-06
    z=10.346538267994898 -> gamma_2=10.243766565498344  err=1.0277e-01
    z=12.988098041201788 -> gamma_3=12.988096097420339  err=1.9438e-06
    z=13.371709062292677 -> gamma_3=12.988096097420339  err=3.8361e-01
    z=16.342607094830797 -> gamma_4=16.343297172788684  err=6.9008e-04
    z=16.372516246102094 -> gamma_4=16.343297172788684  err=2.9219e-02
    z=18.291993196814268 -> gamma_5=18.291996171925028  err=2.9751e-06

================================================================================
  L(s,chi_3)  lambda=10.0  N=30  (61.1s)
  w_min = -8.285755598506e-01
================================================================================

  --- Cluster threshold = 1e-10 -> 12 Eigenvektoren ---
    k           gap         F(g1)         F(g2)         F(g3)         F(g4)         F(g5)
    0     0.000e+00   +1.0125e+19   +1.7691e+25   +2.4935e+23   +3.4251e+21   -5.5246e+19
    1     5.885e-53   -5.2253e+16   -2.9132e+23   -6.9322e+21   -1.3774e+20   +3.0202e+18
    2     7.426e-47   +2.0688e+14   +4.3704e+21   +1.8091e+20   +5.2757e+18   -1.5885e+17
    3     1.100e-41   -7.2699e+11   -7.8615e+19   -5.8739e+18   -2.5566e+17   +1.0688e+16
    4     3.502e-37   -3.5220e+09   +6.8019e+17   +1.2348e+17   +8.8362e+15   -5.3904e+14
    5     8.131e-33   +8.2603e+06   -4.1240e+15   -3.2356e+15   -4.0973e+14   +3.7677e+13
    6     1.000e-28   +1.9227e+05   +1.3330e+12   +5.9838e+13   +1.3711e+13   -1.9036e+12
    7     4.063e-25   +3.7276e+03   +3.2402e+11   -9.6945e+10   -2.6754e+11   +7.5177e+10
    8     1.011e-21   +6.0624e+01   +4.9431e+09   -1.8264e+10   +1.9843e+08   -2.2054e+09
    9     1.616e-18   +4.6613e-01   -8.0580e+07   +1.7904e+08   +1.2502e+08   +1.0455e+08
   10     1.694e-15   -1.4100e-02   -4.5206e+06   +1.1421e+07   -5.7978e+05   -1.0988e+06
   11     1.098e-12   -1.2545e-03   -1.4880e+05   +2.3094e+05   -1.0991e+05   -7.9876e+04

  Bester Eigenvektor: k=11 (sum|F|=5.6952e+05)
  Scan: 30 Nullstellen, Matches mit L(s,chi_3):
    z=8.039737155681326 -> gamma_1=8.039737159558621  err=3.8773e-09
    z=8.186258123051047 -> gamma_1=8.039737159558621  err=1.4652e-01
    z=13.643763538418412 -> gamma_2=13.922653602824983  err=2.7889e-01
    z=17.736892599943936 -> gamma_3=17.821443649486849  err=8.4551e-02
    z=18.261997495693599 -> gamma_3=17.821443649486849  err=4.4055e-01

  --- Cluster threshold = 1e-05 -> 14 Eigenvektoren ---
    k           gap         F(g1)         F(g2)         F(g3)         F(g4)         F(g5)
    0     0.000e+00   +1.0125e+19   +1.7691e+25   +2.4935e+23   +3.4251e+21   -5.5246e+19
    1     5.885e-53   -5.2253e+16   -2.9132e+23   -6.9322e+21   -1.3774e+20   +3.0202e+18
    2     7.426e-47   +2.0688e+14   +4.3704e+21   +1.8091e+20   +5.2757e+18   -1.5885e+17
    3     1.100e-41   -7.2699e+11   -7.8615e+19   -5.8739e+18   -2.5566e+17   +1.0688e+16
    4     3.502e-37   -3.5220e+09   +6.8019e+17   +1.2348e+17   +8.8362e+15   -5.3904e+14
    5     8.131e-33   +8.2603e+06   -4.1240e+15   -3.2356e+15   -4.0973e+14   +3.7677e+13
    6     1.000e-28   +1.9227e+05   +1.3330e+12   +5.9838e+13   +1.3711e+13   -1.9036e+12
    7     4.063e-25   +3.7276e+03   +3.2402e+11   -9.6945e+10   -2.6754e+11   +7.5177e+10
    8     1.011e-21   +6.0624e+01   +4.9431e+09   -1.8264e+10   +1.9843e+08   -2.2054e+09
    9     1.616e-18   +4.6613e-01   -8.0580e+07   +1.7904e+08   +1.2502e+08   +1.0455e+08
   10     1.694e-15   -1.4100e-02   -4.5206e+06   +1.1421e+07   -5.7978e+05   -1.0988e+06
   11     1.098e-12   -1.2545e-03   -1.4880e+05   +2.3094e+05   -1.0991e+05   -7.9876e+04
   12     4.394e-10   -1.1544e-04   -4.9477e+03   -6.0953e+03   -4.4488e+03   +4.1715e+02
   13     1.721e-07   -6.8207e-06   +2.1366e+01   -8.8070e+02   +1.1997e+02   +2.0060e+02

  Bester Eigenvektor: k=13 (sum|F|=1.2226e+03)
  Scan: 30 Nullstellen, Matches mit L(s,chi_3):
    z=8.039737155627030 -> gamma_1=8.039737159558621  err=3.9316e-09
    z=8.186258123051047 -> gamma_1=8.039737159558621  err=1.4652e-01
    z=13.643763538418412 -> gamma_2=13.922653602824983  err=2.7889e-01
    z=13.898909065560130 -> gamma_2=13.922653602824983  err=2.3745e-02
    z=17.736892599943936 -> gamma_3=17.821443649486849  err=8.4551e-02
    z=18.261997492947735 -> gamma_3=17.821443649486849  err=4.4055e-01

================================================================================
  L(s,chi_4)_opt  lambda=3.67  N=30  (46.3s)
  w_min = +1.115058991060e-01
================================================================================

  --- Cluster threshold = 1e-10 -> 1 Eigenvektoren ---
    k           gap         F(g1)         F(g2)         F(g3)         F(g4)         F(g5)
    0     0.000e+00   +7.6165e-02   -7.3987e-02   -6.0390e-03   +4.2379e-01   +4.4887e-04

  Bester Eigenvektor: k=0 (sum|F|=5.8043e-01)
  Scan: 26 Nullstellen, Matches mit L(s,chi_4)_opt:
    z=6.020948904698029 -> gamma_1=6.020948406467813  err=4.9823e-07
    z=10.243770304197355 -> gamma_2=10.243766565498344  err=3.7387e-06
    z=12.988098012840691 -> gamma_3=12.988096097420339  err=1.9154e-06
    z=16.342607125879461 -> gamma_4=16.343297172788684  err=6.9005e-04
    z=18.291993336817846 -> gamma_5=18.291996171925028  err=2.8351e-06

  --- Cluster threshold = 1e-05 -> 2 Eigenvektoren ---
    k           gap         F(g1)         F(g2)         F(g3)         F(g4)         F(g5)
    0     0.000e+00   +7.6165e-02   -7.3987e-02   -6.0390e-03   +4.2379e-01   +4.4887e-04
    1     2.406e-08   -4.1333e-04   +1.2733e-03   +2.3308e-04   -1.9286e-02   +3.5710e-04

  Bester Eigenvektor: k=1 (sum|F|=2.1563e-02)
  Scan: 27 Nullstellen, Matches mit L(s,chi_4)_opt:
    z=6.020948920461498 -> gamma_1=6.020948406467813  err=5.1399e-07
    z=10.243770442840333 -> gamma_2=10.243766565498344  err=3.8773e-06
    z=12.988098764607489 -> gamma_3=12.988096097420339  err=2.6672e-06
    z=16.342617545895173 -> gamma_4=16.343297172788684  err=6.7963e-04
    z=18.292033779292787 -> gamma_5=18.291996171925028  err=3.7607e-05
