Lambda-Positivitaets-Konvergenz: N=30, dps=50
Frage: Konvergiert w_min -> 0 fuer lambda -> inf?
Weil-Kriterium: QW >= 0  <=>  RH
====================================================================================================
    lam        L   k_max  #primes             w_min     C_tilde  n_neg  cluster       |F(g1)|    time
----------------------------------------------------------------------------------------------------
      3   2.1972       9        4  -1.1504387693e+00  +4.8639e+00     12        5     3.485e-14   25.4s
      5   3.2189      25        9  -1.5437299872e+00  +8.0189e+00     18       13     3.120e-14   21.8s
      7   3.8918      49       15  -1.7332893202e+00  +1.0749e+01     22       16     1.866e-13   25.9s
     10   4.6052     100       25  -1.8839361736e+00  +1.4505e+01     24       19     1.018e-12   32.6s
     15   5.4161     224       48  -2.0061647346e+00  +2.0349e+01     26       20     1.120e-13   37.3s
     20   5.9915     400       78  -2.0689432678e+00  +2.5941e+01     27       22     3.494e-12   40.9s
     30   6.8024     900      154  -2.1328323642e+00  +3.6769e+01     28       23     6.154e-12   51.2s
     50   7.8240    2499      367  -2.1847435048e+00  +5.7804e+01     29       24     6.496e-13  105.5s

====================================================================================================

Konvergenz-Analyse:

    lam             w_min   w_min/C_tilde     Delta w_min
      3  -1.1504387693e+00       -0.236526   +0.000000e+00
      5  -1.5437299872e+00       -0.192512   -3.932912e-01
      7  -1.7332893202e+00       -0.161252   -1.895593e-01
     10  -1.8839361736e+00       -0.129880   -1.506469e-01
     15  -2.0061647346e+00       -0.098586   -1.222286e-01
     20  -2.0689432678e+00       -0.079754   -6.277853e-02
     30  -2.1328323642e+00       -0.058006   -6.388910e-02
     50  -2.1847435048e+00       -0.037796   -5.191114e-02

  Negativitaets-Trend:
    lam  n_neg  n_neg/dim             w_min
      3     12     38.71%  -1.1504387693e+00
      5     18     58.06%  -1.5437299872e+00
      7     22     70.97%  -1.7332893202e+00
     10     24     77.42%  -1.8839361736e+00
     15     26     83.87%  -2.0061647346e+00
     20     27     87.10%  -2.0689432678e+00
     30     28     90.32%  -2.1328323642e+00
     50     29     93.55%  -2.1847435048e+00

  Ergebnis: w_min ging von -1.150439e+00 (lam=3) auf -2.184744e+00 (lam=50)
  Trend: NEGATIVER
  => NICHT konsistent mit einfacher Konvergenz
     (moeglicherweise nicht-monoton oder N-abhaengig)
