Multi-Eigenvector Zero Analysis
  lambda=3.0, N=30, dps=100
  cluster_threshold=1e-10
================================================================================

  Baue QW bei lambda=3.000000, N=30, dps=100
  L = 2 log(lambda) = 2.197225
  chi parity = even, q_mod = 1
  Baue W_R...
  Berechne alpha/beta/gamma (parity=even) fuer n in [-30, 30]...
  Baue W_prime...
  Prim-Summe bis k_max = 9
  Baue W_02 (Pol)...
  Diagonalisiere 31x31 mit mp.eigsy (dps=100)...
    Fertig in 2.6s

  Degenerate cluster: 5 Eigenvektoren (threshold=1e-10)
  w_min = -1.150438769316e+00
    k=0: w=-1.150438769315822e+00  gap_from_min=0.000e+00
    k=1: w=-1.150438769315822e+00  gap_from_min=1.921e-30
    k=2: w=-1.150438769315822e+00  gap_from_min=1.805e-24
    k=3: w=-1.150438769315822e+00  gap_from_min=4.529e-19
    k=4: w=-1.150438769315794e+00  gap_from_min=2.841e-14

  F_k(gamma) fuer jeden Cluster-Eigenvektor:
    k         F(g1)         F(g2)         F(g3)         F(g4)         F(g5)
    0   +4.4061e+00   +5.2742e-02   -1.7386e-03   -6.7643e-05   +3.6593e-05
    1   -2.6390e-02   -7.3313e-04   +3.4901e-05   +2.0639e-06   -1.3257e-06
    2   +1.2141e-04   +9.0020e-06   -6.3692e-07   -5.8459e-08   +4.4799e-08
    3   -3.9838e-07   -9.9787e-08   +1.0725e-08   +2.1801e-09   -3.2870e-10
    4   -4.0492e-08   +7.8997e-09   +9.5585e-09   -2.6764e-08   -3.8448e-08

  Bester Eigenvektor pro Nullstelle:
    gamma_1 = 14.1347251417 -> best k=4, |F|=4.0492e-08
    gamma_2 = 21.0220396388 -> best k=4, |F|=7.8997e-09
    gamma_3 = 25.0108575801 -> best k=4, |F|=9.5585e-09
    gamma_4 = 30.4248761259 -> best k=3, |F|=2.1801e-09
    gamma_5 = 32.9350615877 -> best k=3, |F|=3.2870e-10

  Scan-Zeros fuer beste Eigenvektoren:

  Eigenvektor k=4: 20 Zeros, 6 Matches
    z=14.134725141735 -> gamma_1=14.134725141735  err=5.507e-14
    z=14.298004336901 -> gamma_1=14.134725141735  err=1.633e-01
    z=21.022039638772 -> gamma_2=21.022039638772  err=2.842e-14
    z=25.010857580146 -> gamma_3=25.010857580146  err=3.553e-14
    z=30.424876125860 -> gamma_4=30.424876125860  err=5.116e-13
    z=32.935061587741 -> gamma_5=32.935061587739  err=1.585e-12

  --- IEW zum Vergleich ---
  IEW F(gamma_k):
    gamma_1 = 14.134725141735   F = +4.183762e-08
    gamma_2 = 21.022039638772   F = +2.276745e-06
    gamma_3 = 25.010857580146   F = +6.068766e-06
    gamma_4 = 30.424876125860   F = +3.223653e-06
    gamma_5 = 32.935061587739   F = -1.417584e-07
  IEW Scan: 20 Zeros, 6 Matches
    z=14.134725142598 -> gamma_1=14.134725141735  err=8.634e-10
    z=14.298004336901 -> gamma_1=14.134725141735  err=1.633e-01
    z=21.022039374429 -> gamma_2=21.022039638772  err=2.643e-07
    z=25.010850875949 -> gamma_3=25.010857580146  err=6.704e-06
    z=25.270846089561 -> gamma_3=25.010857580146  err=2.600e-01
    z=30.424875662240 -> gamma_4=30.424876125860  err=4.636e-07
