Multi-Eigenvector Zero Analysis
  lambda=3.0, N=60, dps=100
  cluster_threshold=1e-10
================================================================================

  Baue QW bei lambda=3.000000, N=60, dps=100
  L = 2 log(lambda) = 2.197225
  chi parity = even, q_mod = 1
  Baue W_R...
  Berechne alpha/beta/gamma (parity=even) fuer n in [-60, 60]...
  Baue W_prime...
  Prim-Summe bis k_max = 9
  Baue W_02 (Pol)...
  Diagonalisiere 61x61 mit mp.eigsy (dps=100)...
    Fertig in 13.3s

  Degenerate cluster: 5 Eigenvektoren (threshold=1e-10)
  w_min = -1.150438769316e+00
    k=0: w=-1.150438769315822e+00  gap_from_min=0.000e+00
    k=1: w=-1.150438769315822e+00  gap_from_min=2.711e-31
    k=2: w=-1.150438769315822e+00  gap_from_min=5.549e-25
    k=3: w=-1.150438769315822e+00  gap_from_min=1.656e-19
    k=4: w=-1.150438769315810e+00  gap_from_min=1.197e-14

  F_k(gamma) fuer jeden Cluster-Eigenvektor:
    k         F(g1)         F(g2)         F(g3)         F(g4)         F(g5)
    0   +1.4209e+01   +1.7228e-01   -5.7364e-03   -2.2702e-04   +1.2397e-04
    1   -6.3317e-02   -1.7727e-03   +8.4898e-05   +5.0720e-06   -3.2759e-06
    2   +2.1077e-04   +1.5704e-05   -1.1152e-06   -1.0298e-07   +7.9237e-08
    3   -6.5552e-07   -1.6493e-07   +1.7958e-08   +3.0034e-09   -1.7815e-09
    4   -2.5540e-08   +5.5193e-09   +5.7115e-09   -1.6376e-08   -2.3343e-08

  Bester Eigenvektor pro Nullstelle:
    gamma_1 = 14.1347251417 -> best k=4, |F|=2.5540e-08
    gamma_2 = 21.0220396388 -> best k=4, |F|=5.5193e-09
    gamma_3 = 25.0108575801 -> best k=4, |F|=5.7115e-09
    gamma_4 = 30.4248761259 -> best k=3, |F|=3.0034e-09
    gamma_5 = 32.9350615877 -> best k=3, |F|=1.7815e-09

  Scan-Zeros fuer beste Eigenvektoren:

  Eigenvektor k=4: 20 Zeros, 6 Matches
    z=14.134725141735 -> gamma_1=14.134725141735  err=2.309e-14
    z=14.298004336901 -> gamma_1=14.134725141735  err=1.633e-01
    z=21.022039638772 -> gamma_2=21.022039638772  err=1.421e-14
    z=25.010857580146 -> gamma_3=25.010857580146  err=1.421e-14
    z=30.424876125860 -> gamma_4=30.424876125860  err=2.132e-13
    z=32.935061587740 -> gamma_5=32.935061587739  err=6.466e-13

  --- IEW zum Vergleich ---
  IEW F(gamma_k):
    gamma_1 = 14.134725141735   F = -5.066842e-07
    gamma_2 = 21.022039638772   F = +2.646893e-06
    gamma_3 = 25.010857580146   F = +6.803651e-06
    gamma_4 = 30.424876125860   F = +3.982684e-06
    gamma_5 = 32.935061587739   F = +1.843823e-07
  IEW Scan: 20 Zeros, 6 Matches
    z=14.134725132166 -> gamma_1=14.134725141735  err=9.569e-09
    z=14.298004336901 -> gamma_1=14.134725141735  err=1.633e-01
    z=21.022039354204 -> gamma_2=21.022039638772  err=2.846e-07
    z=25.010844302261 -> gamma_3=25.010857580146  err=1.328e-05
    z=25.143752456675 -> gamma_3=25.010857580146  err=1.329e-01
    z=30.424875618771 -> gamma_4=30.424876125860  err=5.071e-07
