Optimales Lambda Benchmark: N=30, dps=100
================================================================================

================================================================================
  Riemann_zeta  lambda=3.00  L=2.1972  N=30  (52.8s)
  w_0 = -1.15043877e+00   gap(0,1) = 1.921e-30
================================================================================

  Target Nullstellen (Riemann_zeta):
    gamma_1 = 14.134725141735   F = +4.183762e-08   pole_d = 0.1633 (j=5)
    gamma_2 = 21.022039638772   F = +2.276745e-06   pole_d = 1.0048 (j=7)
    gamma_3 = 25.010857580146   F = +6.068766e-06   pole_d = 0.7256 (j=9)
    gamma_4 = 30.424876125860   F = +3.223653e-06   pole_d = 1.0307 (j=11)
    gamma_5 = 32.935061587739   F = -1.417584e-07   pole_d = 1.3801 (j=12)

  Sanity: chi_4 Nullstellen (sollten NICHT null sein):
    gamma_1 = 6.0209484065   F = +2.468274e+01
    gamma_2 = 10.2437665655   F = +5.780217e+00

  Sanity: chi_3 Nullstellen (sollten NICHT null sein):
    gamma_1 = 8.0397371596   F = -3.168110e+00
    gamma_2 = 13.9226536028   F = +4.529445e+00

  Scan-Nullstellen (Match mit Riemann_zeta):
    z_ 1 = 1.563319581571
    z_ 2 = 2.859600867380
    z_ 3 = 4.691749101785
    z_ 4 = 5.719201734760
    z_ 5 = 7.825906627423
    z_ 9 = 14.134725142598  <<< gamma_1 err=8.634e-10
    z_10 = 14.298004336901  <<< gamma_1 err=1.633e-01
    z_14 = 21.022039374429  <<< gamma_2 err=2.643e-07
    z_16 = 25.010850875949  <<< gamma_3 err=6.704e-06
    z_17 = 25.270846089561  <<< gamma_3 err=2.600e-01
    z_20 = 30.424875662240  <<< gamma_4 err=4.636e-07
    z_22 = 32.935061610434  <<< gamma_5 err=2.269e-08

================================================================================
  Riemann_zeta  lambda=2.65  L=1.9491  N=30  (45.1s)
  w_0 = -1.03506570e+00   gap(0,1) = 2.297e-21
================================================================================

  Target Nullstellen (Riemann_zeta):
    gamma_1 = 14.134725141735   F = +7.922129e-06   pole_d = 1.2403 (j=4)
    gamma_2 = 21.022039638772   F = +4.696454e-06   pole_d = 1.5432 (j=7)
    gamma_3 = 25.010857580146   F = +6.769527e-06   pole_d = 0.7780 (j=8)
    gamma_4 = 30.424876125860   F = -1.834247e-05   pole_d = 1.4125 (j=9)
    gamma_5 = 32.935061587739   F = -3.461896e-05   pole_d = 0.6990 (j=10)

  Sanity: chi_4 Nullstellen (sollten NICHT null sein):
    gamma_1 = 6.0209484065   F = -1.262895e+01
    gamma_2 = 10.2437665655   F = +1.934697e+01

  Scan-Nullstellen (Match mit Riemann_zeta):
    z_ 1 = 1.855525022878
    z_ 2 = 3.223602255472
    z_ 3 = 5.580568993287
    z_ 4 = 6.447204510944
    z_ 5 = 9.368094628978
    z_ 8 = 14.134723989853  <<< gamma_1 err=1.152e-06
    z_12 = 21.022039174977  <<< gamma_2 err=4.638e-07
    z_14 = 25.010857015453  <<< gamma_3 err=5.647e-07
    z_17 = 30.424869490285  <<< gamma_4 err=6.636e-06
    z_19 = 32.935047980915  <<< gamma_5 err=1.361e-05

================================================================================
  Riemann_zeta  lambda=10.27  L=4.6585  N=30  (75.0s)
  w_0 = -1.89341536e+00   gap(0,1) = 1.724e-77
================================================================================

  Target Nullstellen (Riemann_zeta):
    gamma_1 = 14.134725141735   F = +2.962467e-06   pole_d = 0.6470 (j=10)
    gamma_2 = 21.022039638772   F = +2.075305e-06   pole_d = 0.5583 (j=16)
    gamma_3 = 25.010857580146   F = -2.619866e-07   pole_d = 0.6158 (j=19)
    gamma_4 = 30.424876125860   F = -3.556902e-06   pole_d = 0.5968 (j=23)
    gamma_5 = 32.935061587739   F = -3.507217e-06   pole_d = 0.5646 (j=24)

  Sanity: chi_4 Nullstellen (sollten NICHT null sein):
    gamma_1 = 6.0209484065   F = +1.015844e+01
    gamma_2 = 10.2437665655   F = +1.225239e+01

  Scan-Nullstellen (Match mit Riemann_zeta):
    z_ 1 = 0.712042579890
    z_ 2 = 1.348770481065
    z_ 3 = 2.136313848197
    z_ 4 = 2.697540962130
    z_ 5 = 3.561164123997
    z_20 = 14.134724720952  <<< gamma_1 err=4.208e-07
    z_21 = 14.462471659349  <<< gamma_1 err=3.277e-01
    z_30 = 21.022039541014  <<< gamma_2 err=9.776e-08

================================================================================
  chi_4  lambda=3.67  L=2.6004  N=30  (47.9s)
  w_0 = +1.11505899e-01   gap(0,1) = 2.406e-08
================================================================================

  Target Nullstellen (chi_4):
    gamma_1 = 6.020948406468   F = +3.504711e-06   pole_d = 1.1884 (j=2)
    gamma_2 = 10.243766565498   F = -2.083952e-05   pole_d = 0.5788 (j=4)
    gamma_3 = 12.988096097420   F = -3.534824e-05   pole_d = 0.9068 (j=5)
    gamma_4 = 16.343297172789   F = +2.695099e-04   pole_d = 0.5705 (j=7)
    gamma_5 = 18.291996171925   F = -1.973226e-04   pole_d = 1.0380 (j=8)

  Sanity: Riemann Nullstellen (sollten NICHT null sein):
    gamma_1 = 14.1347251417   F = +1.318972e+00
    gamma_2 = 21.0220396388   F = -9.863645e-02

  Sanity: chi_3 Nullstellen (sollten NICHT null sein):
    gamma_1 = 8.0397371596   F = -5.781914e+00
    gamma_2 = 13.9226536028   F = +7.698578e-01

  Scan-Nullstellen (Match mit chi_4):
    z_ 1 = 1.701284243801
    z_ 2 = 2.416253499578
    z_ 3 = 4.832506999155
    z_ 4 = 6.020948014639  <<< gamma_1 err=3.918e-07
    z_ 5 = 7.248760498733
    z_ 7 = 10.243731955367  <<< gamma_2 err=3.461e-05
    z_10 = 12.988153170565  <<< gamma_3 err=5.707e-05
    z_12 = 16.342857284942  <<< gamma_4 err=4.399e-04
    z_14 = 18.292642491106  <<< gamma_5 err=6.463e-04

================================================================================
  chi_4  lambda=10.00  L=4.6052  N=30  (58.6s)
  w_0 = -1.11625763e+00   gap(0,1) = 1.447e-46
================================================================================

  Target Nullstellen (chi_4):
    gamma_1 = 6.020948406468   F = +8.535756e-06   pole_d = 0.5634 (j=4)
    gamma_2 = 10.243766565498   F = +1.726910e-05   pole_d = 0.6712 (j=8)
    gamma_3 = 12.988096097420   F = +4.484727e-06   pole_d = 0.6557 (j=10)
    gamma_4 = 16.343297172789   F = -2.714534e-01   pole_d = 0.0292 (j=12)
    gamma_5 = 18.291996171925   F = +9.837620e-05   pole_d = 0.5551 (j=13)

  Sanity: Riemann Nullstellen (sollten NICHT null sein):
    gamma_1 = 14.1347251417   F = +1.535674e+01
    gamma_2 = 21.0220396388   F = -1.060025e+01

  Scan-Nullstellen (Match mit chi_4):
    z_ 1 = 0.738659013798
    z_ 2 = 1.364376353842
    z_ 3 = 2.220465002164
    z_ 4 = 2.728752707684
    z_ 5 = 3.724363162613
    z_ 9 = 6.020949194063  <<< gamma_1 err=7.876e-07
    z_14 = 10.063578140062  <<< gamma_2 err=1.802e-01
    z_15 = 10.243771248419  <<< gamma_2 err=4.683e-06
    z_18 = 12.961743623854  <<< gamma_3 err=2.635e-02
    z_19 = 12.988104592862  <<< gamma_3 err=8.495e-06
    z_23 = 16.342607190074  <<< gamma_4 err=6.900e-04
    z_24 = 16.372516246102  <<< gamma_4 err=2.922e-02
    z_26 = 18.291993148543  <<< gamma_5 err=3.023e-06

================================================================================
  chi_3  lambda=2.68  L=1.9716  N=30  (54.7s)
  w_0 = +1.03938656e+00   gap(0,1) = 2.420e-04
================================================================================

  Target Nullstellen (chi_3):
    gamma_1 = 8.039737159559   F = -2.205667e-05   pole_d = 1.5206 (j=3)
    gamma_2 = 13.922653602825   F = -5.302552e-01   pole_d = 1.1755 (j=4)
    gamma_3 = 17.821443649487   F = -3.665494e-02   pole_d = 1.2993 (j=6)
    gamma_4 = 21.139710893971   F = +3.941139e-02   pole_d = 1.1678 (j=7)
    gamma_5 = 24.282206057009   F = +4.280051e-03   pole_d = 1.2121 (j=8)

  Sanity: Riemann Nullstellen (sollten NICHT null sein):
    gamma_1 = 14.1347251417   F = -4.363574e-01
    gamma_2 = 21.0220396388   F = +3.108957e-02

  Sanity: chi_4 Nullstellen (sollten NICHT null sein):
    gamma_1 = 6.0209484065   F = +1.044869e+01
    gamma_2 = 10.2437665655   F = -1.037570e+00

  Scan-Nullstellen (Match mit chi_3):
    z_ 1 = 3.074878113705
    z_ 2 = 3.186791573287
    z_ 3 = 6.373583146574
    z_ 4 = 8.039753450732  <<< gamma_1 err=1.629e-05
    z_ 5 = 9.560374719861
    z_10 = 18.286593167329  <<< gamma_3 err=4.651e-01
    z_14 = 24.193200869835  <<< gamma_5 err=8.901e-02

================================================================================
  chi_3  lambda=10.00  L=4.6052  N=30  (67.3s)
  w_0 = -8.28575560e-01   gap(0,1) = 5.885e-53
================================================================================

  Target Nullstellen (chi_3):
    gamma_1 = 8.039737159559   F = -1.171573e-06   pole_d = 0.1465 (j=6)
    gamma_2 = 13.922653602825   F = +4.721148e+00   pole_d = 0.2789 (j=10)
    gamma_3 = 17.821443649487   F = -4.825641e+01   pole_d = 0.0846 (j=13)
    gamma_4 = 21.139710893971   F = +9.278114e+00   pole_d = 0.6741 (j=15)
    gamma_5 = 24.282206057009   F = +9.075234e+00   pole_d = 0.2766 (j=18)

  Sanity: Riemann Nullstellen (sollten NICHT null sein):
    gamma_1 = 14.1347251417   F = +9.677049e+00
    gamma_2 = 21.0220396388   F = +7.660986e+00

  Scan-Nullstellen (Match mit chi_3):
    z_ 1 = 0.725798719088
    z_ 2 = 1.364376353842
    z_ 3 = 2.177710855718
    z_ 4 = 2.728752707684
    z_ 5 = 3.630624322991
    z_11 = 8.039737148045  <<< gamma_1 err=1.151e-08
    z_12 = 8.186258123051  <<< gamma_1 err=1.465e-01
    z_19 = 13.643763538418  <<< gamma_2 err=2.789e-01
    z_20 = 13.826899447406  <<< gamma_2 err=9.575e-02
    z_25 = 17.736892599944  <<< gamma_3 err=8.455e-02
    z_26 = 18.261997476184  <<< gamma_3 err=4.406e-01
