Grundzustand-Varianten bei N=20, dps=80, lambda=sqrt(14)
======================================================================

  Baue QW bei lambda=3.741657, N=20, dps=80
  L = 2 log(lambda) = 2.639057
  Baue W_R...
  Berechne alpha/beta/gamma fuer n in [-20, 20]...
  Baue W_prime...
  Prim-Summe bis k_max = 13
  Baue W_02 (Pol)...
  Diagonalisiere 21x21 mit mp.eigsy (dps=80)...
    Fertig in 0.4s

  Overlaps |<delta_N_even, Q_even[:,k]>| fuer k=0..15:
    k=  0: w = -1.336905418157e+00   |ov| = 3.414434e-20
    k=  1: w = -1.336905418157e+00   |ov| = 3.804783e-17
    k=  2: w = -1.336905418157e+00   |ov| = 2.103108e-14
    k=  3: w = -1.336905418157e+00   |ov| = 5.300497e-12
    k=  4: w = -1.336905418157e+00   |ov| = 5.972708e-10
    k=  5: w = -1.336905418157e+00   |ov| = 6.749661e-08
    k=  6: w = -1.336905418156e+00   |ov| = 3.051865e-06
    k=  7: w = -1.336905417448e+00   |ov| = 1.051498e-04
    k=  8: w = -1.336904993807e+00   |ov| = 2.487163e-03
    k=  9: w = -1.336815442249e+00   |ov| = 3.879985e-02
    k= 10: w = -1.327673652150e+00   |ov| = 3.523440e-01
    k= 11: w = -9.486593147020e-01   |ov| = 2.705001e+00
    k= 12: w = +3.736968451602e-01   |ov| = 8.058925e-01
    k= 13: w = +6.921414376588e-01   |ov| = 3.241074e-01
    k= 14: w = +1.142312861747e+00   |ov| = 1.164392e-01
    k= 15: w = +1.228871982038e+00   |ov| = 8.300123e-02

======================================================================
Variante (a): Einzelne Eigenvektoren als xi
======================================================================
  k=  0: w=-1.33690542e+00  |ov|=3.414e-20  F(g1)=-2.389e+02  F(g2)=-2.556e+00  F(g3)=-1.847e-02
  k=  1: w=-1.33690542e+00  |ov|=3.805e-17  F(g1)=+3.049e+00  F(g2)=+7.680e-02  F(g3)=+8.127e-04
  k=  2: w=-1.33690542e+00  |ov|=2.103e-14  F(g1)=-2.929e-02  F(g2)=-1.971e-03  F(g3)=-3.138e-05
  k=  3: w=-1.33690542e+00  |ov|=5.300e-12  F(g1)=+2.904e-04  F(g2)=+6.200e-05  F(g3)=+1.534e-06
  k=  4: w=-1.33690542e+00  |ov|=5.973e-10  F(g1)=-5.441e-07  F(g2)=-1.504e-06  F(g3)=-6.434e-08
  k=  5: w=-1.33690542e+00  |ov|=6.750e-08  F(g1)=-2.616e-08  F(g2)=+2.826e-08  F(g3)=+1.833e-09
  k=  6: w=-1.33690542e+00  |ov|=3.052e-06  F(g1)=-1.063e-07  F(g2)=+4.760e-08  F(g3)=-1.034e-08
  k=  7: w=-1.33690542e+00  |ov|=1.051e-04  F(g1)=-4.298e-06  F(g2)=-4.840e-07  F(g3)=+1.296e-06
  k=  8: w=-1.33690499e+00  |ov|=2.487e-03  F(g1)=-3.747e-05  F(g2)=-3.822e-05  F(g3)=-1.198e-06
  k=  9: w=-1.33681544e+00  |ov|=3.880e-02  F(g1)=+1.211e-04  F(g2)=-4.766e-04  F(g3)=-2.884e-04
  k= 10: w=-1.32767365e+00  |ov|=3.523e-01  F(g1)=+5.131e-03  F(g2)=-4.650e-04  F(g3)=-1.670e-03
  k= 11: w=-9.48659315e-01  |ov|=2.705e+00  F(g1)=+6.702e-02  F(g2)=+1.830e-02  F(g3)=-4.320e-03
  k= 12: w=+3.73696845e-01  |ov|=8.059e-01  F(g1)=+1.311e+00  F(g2)=+5.641e-01  F(g3)=+1.274e-01
  k= 13: w=+6.92141438e-01  |ov|=3.241e-01  F(g1)=-3.361e+00  F(g2)=-2.577e+00  F(g3)=-1.733e+00
  k= 14: w=+1.14231286e+00  |ov|=1.164e-01  F(g1)=-7.105e+00  F(g2)=-1.239e+00  F(g3)=+9.328e-01

======================================================================
Variante (b): Cluster-Projektion (Baseline)
======================================================================
  Cluster k=0..9: |ov|=3.888e-02  F(g1)=+1.205e-04  F(g2)=-4.748e-04  F(g3)=-2.873e-04

======================================================================
Variante (c): Inverse-Energy-Weighting
======================================================================
  Inv-Energy: |ov|=3.099e-02  F(g1)=+7.521e-06  F(g2)=+8.696e-06  F(g3)=+8.584e-07

======================================================================
Variante (d): Max-Overlap-EV allein
======================================================================
  Max-ov k=11: w=-9.48659315e-01  |ov|=2.705e+00  F(g1)=+6.702e-02  F(g2)=+1.830e-02  F(g3)=-4.320e-03
