Weil-Positivitaets-Analyse: lambda=3.0, N=30, dps=100
L = 2.197225
================================================================================

[Phase 1] Matrix-Konstruktion...
  W02: C_tilde = +4.863891e+00 (Rang 1)
  Cluster: 5 Eigenvektoren bei w_min = -1.150438769316e+00

[Phase 2] Evaluationsvektoren e(gamma_j) im Even-Unterraum

[Phase 3] Zerlegung der Evaluationsvektoren
  e(gamma) = <u_tilde, e> * u_tilde  +  P * e(gamma)
         gamma       ||e||^2     |<u,e>|^2      ||Pe||^2  Pol-Anteil
     14.134725    1.8743e+01    4.8986e-03    1.8738e+01      0.03%
     21.022040    7.6979e-01    2.7558e-03    7.6704e-01      0.36%
     25.010858    1.1577e+00    1.8870e-03    1.1558e+00      0.16%
     30.424876    7.2729e-01    1.2909e-03    7.2600e-01      0.18%
     32.935062    6.0391e-01    1.1093e-03    6.0280e-01      0.18%

[Phase 3b] Verifikation: <e_even, q> vs. Vollraum-F
    k     <e,q> (even)           F_full    Match?
    0    +1.453224e-17    +1.453224e-17        OK
    1    +1.822488e-16    +1.822488e-16        OK

[Phase 4] F(gamma_j) = <e(gamma_j), q_k> Zerlegung
  F = <u,e>*<u,q>  +  <Pe, Pq>   (Pol-Term + Nullraum-Term)

    k     gamma        F=<e,q>       Pol-Term      Null-Term  Cancel-Digits
    0    14.135    +1.4532e-17    +3.8724e-02    -3.8724e-02           15.4
    0    21.022    +1.7395e-19    +2.9045e-02    -2.9045e-02           17.2
    0    25.011    -5.7342e-21    +2.4035e-02    -2.4035e-02           18.6
    1    14.135    +1.8225e-16    -2.9038e-02    +2.9038e-02           14.2
    1    21.022    +5.0630e-18    -2.1780e-02    +2.1780e-02           15.6
    1    25.011    -2.4102e-19    -1.8023e-02    +1.8023e-02           16.9
    2    14.135    +8.4748e-16    +2.6386e-02    -2.6386e-02           13.5
    2    21.022    +6.2835e-17    +1.9791e-02    -1.9791e-02           14.5
    2    25.011    -4.4458e-18    +1.6377e-02    -1.6377e-02           15.6
    3    14.135    -1.3867e-15    +2.0619e-02    -2.0619e-02           13.2
    3    21.022    -3.4735e-16    +1.5465e-02    -1.5465e-02           13.6
    3    25.011    +3.7333e-17    +1.2797e-02    -1.2797e-02           14.5
    4    14.135    -3.4845e-14    +2.2418e-02    -2.2418e-02           11.8
    4    21.022    +6.7980e-15    +1.6814e-02    -1.6814e-02           12.4
    4    25.011    +8.2254e-15    +1.3914e-02    -1.3914e-02           12.2

[Phase 5] Gram-Matrix G_ij = <P e(gamma_i), P e(gamma_j)>
  Gram-Matrix (5x5):
               g1          g2          g3          g4          g5
  g1  +1.8738e+01  -5.6212e-01  -3.2346e-01  -2.4659e-01  -2.2704e-01
  g2  -5.6212e-01  +7.6704e-01  +1.9581e-01  +5.5074e-02  +2.8310e-02
  g3  -3.2346e-01  +1.9581e-01  +1.1558e+00  -6.7734e-02  -7.5490e-02
  g4  -2.4659e-01  +5.5074e-02  -6.7734e-02  +7.2600e-01  -9.6802e-02
  g5  -2.2704e-01  +2.8310e-02  -7.5490e-02  -9.6802e-02  +6.0280e-01

  Gram-Eigenwerte: ['5.000e-01', '6.961e-01', '7.928e-01', '1.233e+00', '1.877e+01']
  Konditionszahl: 3.75e+01

[Phase 6] PHP-Spektrum vs. Evaluationsvektor-Projektion
  Projektion der Evaluationsvektoren in den W02-Nullraum (dim=30):
         gamma  ||P_null e||^2          Overlap mit PHP-EV0..4
     14.134725      1.8738e+01  +1.545e-16  +7.909e-16  -1.411e-15  +3.166e-14  +3.239e-10
     21.022040      7.6704e-01  +4.155e-18  +5.656e-17  -3.350e-16  -6.353e-15  -7.491e-11
     25.010858      1.1558e+00  -1.963e-19  -3.970e-18  +3.568e-17  -7.576e-15  -5.215e-11
     30.424876      7.2600e-01  -1.154e-20  -3.623e-19  +7.138e-18  +2.092e-14  -2.767e-10
     32.935062      6.0280e-01  +7.397e-21  +2.771e-19  -1.178e-18  +3.033e-14  -2.241e-10

[Phase 7] Weil-Positivitaets-Bilanz
  QW = W02 + H = C_tilde |u><u| + H
  Weil-Kriterium: QW >= 0  <=>  RH

  Eigenwerte von M_even = QW (unterste 15 + oberster):
    k= 0: w = -1.150438769316e+00
    k= 1: w = -1.150438769316e+00
    k= 2: w = -1.150438769316e+00
    k= 3: w = -1.150438769316e+00
    k= 4: w = -1.150438769316e+00
    k= 5: w = -1.150438768648e+00
    k= 6: w = -1.150433750736e+00
    k= 7: w = -1.141921422290e+00
    k= 8: w = -5.861147813731e-01
    k= 9: w = -4.567819322271e-01
    k=10: w = -2.287296533155e-01
    k=11: w = -1.453520559907e-01
    k=12: w = +1.083264643309e-01
    k=13: w = +4.433457042002e-01
    k=14: w = +5.930857027259e-01
    k=30: w = +2.832387323469e+00  (max)

  Vorzeichen-Verteilung: 12 negativ, 0 null, 19 positiv
  => QW ist NICHT positiv semidefinit bei N=30

  Positvitaets-Bedingung:
    C_tilde (Pol-Beitrag):     +4.863891e+00
    w_min (Cluster):           -1.150439e+00
    w_min / C_tilde:           -0.236526
    Abstand zu Positivitaet:   +1.150439e+00

[Phase 8] Cancellation-Mechanismus: Warum verschwindet F(gamma)?
  F(gamma) = [Pol-Term] + [Nullraum-Term]
  Pol-Term  = <u, e(gamma)> * <u, q_k>
  Null-Term = <Pe(gamma), Pq_k>
  Wenn Pol ≫ Null: Cancellation kommt aus <u,q_k> ~ 0
  Wenn Pol ~ Null: Exakte Cancellation zwischen beiden Termen

  Cluster-EV k=0:  <u, q_k> = -5.532843e-01,  |<u,q>|^2 = 3.061235e-01
    gamma_1=14.135: F=+1.453e-17  Pol=+3.872e-02  Null=-3.872e-02  Cancellation: 15.4 Stellen
    gamma_2=21.022: F=+1.740e-19  Pol=+2.904e-02  Null=-2.904e-02  Cancellation: 17.2 Stellen
    gamma_3=25.011: F=-5.734e-21  Pol=+2.403e-02  Null=-2.403e-02  Cancellation: 18.6 Stellen
  Cluster-EV k=1:  <u, q_k> = +4.148856e-01,  |<u,q>|^2 = 1.721301e-01
    gamma_1=14.135: F=+1.822e-16  Pol=-2.904e-02  Null=+2.904e-02  Cancellation: 14.2 Stellen
    gamma_2=21.022: F=+5.063e-18  Pol=-2.178e-02  Null=+2.178e-02  Cancellation: 15.6 Stellen
    gamma_3=25.011: F=-2.410e-19  Pol=-1.802e-02  Null=+1.802e-02  Cancellation: 16.9 Stellen
  Cluster-EV k=2:  <u, q_k> = -3.770033e-01,  |<u,q>|^2 = 1.421315e-01
    gamma_1=14.135: F=+8.475e-16  Pol=+2.639e-02  Null=-2.639e-02  Cancellation: 13.5 Stellen
    gamma_2=21.022: F=+6.284e-17  Pol=+1.979e-02  Null=-1.979e-02  Cancellation: 14.5 Stellen
    gamma_3=25.011: F=-4.446e-18  Pol=+1.638e-02  Null=-1.638e-02  Cancellation: 15.6 Stellen
  Cluster-EV k=3:  <u, q_k> = -2.945937e-01,  |<u,q>|^2 = 8.678544e-02
    gamma_1=14.135: F=-1.387e-15  Pol=+2.062e-02  Null=-2.062e-02  Cancellation: 13.2 Stellen
    gamma_2=21.022: F=-3.474e-16  Pol=+1.546e-02  Null=-1.546e-02  Cancellation: 13.6 Stellen
    gamma_3=25.011: F=+3.733e-17  Pol=+1.280e-02  Null=-1.280e-02  Cancellation: 14.5 Stellen
  Cluster-EV k=4:  <u, q_k> = -3.202984e-01,  |<u,q>|^2 = 1.025910e-01
    gamma_1=14.135: F=-3.485e-14  Pol=+2.242e-02  Null=-2.242e-02  Cancellation: 11.8 Stellen
    gamma_2=21.022: F=+6.798e-15  Pol=+1.681e-02  Null=-1.681e-02  Cancellation: 12.4 Stellen
    gamma_3=25.011: F=+8.225e-15  Pol=+1.391e-02  Null=-1.391e-02  Cancellation: 12.2 Stellen

[Phase 9] Kontrafaktisch: Was waere bei Nicht-Nullstelle?
  F(z) an Nicht-Nullstellen vs. Nullstellen fuer k=4:
         z           F(z)           Typ
    10.000    +2.3281e-01  Nicht-Null
    17.500    -1.0432e+00  Nicht-Null
    23.000    +1.8133e+00  Nicht-Null
    28.000    +2.7320e-01  Nicht-Null
    35.000    -3.3548e-02  Nicht-Null
    14.135    -3.4845e-14  NULLSTELLE
    21.022    +6.7980e-15  NULLSTELLE
    25.011    +8.2254e-15  NULLSTELLE
    30.425    -2.3031e-14  NULLSTELLE
    32.935    -3.3086e-14  NULLSTELLE

[Phase 10] Gesamt-Zusammenfassung
  Die Cluster-Eigenvektoren kodieren die Nullstellen durch die
  Weil-Explizitformel: QW = W02 + H enthaelt die arithmetische
  Information (Primzahlen) in H, die ueber die Explizitformel
  mit den Nullstellen von zeta(s) verknuepft ist.

  W02 (Pol bei s=1) erzeugt die strukturelle Degeneracy.
  PHP (H im Nullraum) traegt die Nullstellen-Information.
  F(gamma) ~ 0 weil die Cluster-EVs orthogonal zu den
  Evaluationsvektoren e(gamma) sind — eine Konsequenz der
  Eigenwertgleichung QW*q = w*q und der Weil-Formel.
