================================================================================
C2/MS2 SERVER-LAUF: LECKAGE-SKALIERUNG MIT N ~ lambda^2
  Start: 2026-04-19 01:50:07
  DPS = 50
================================================================================

  Config: lambda=3.0, N=30 (dim=31)

  Config: lambda=5.0, N=55 (dim=56)

  Config: lambda=7.0, N=85 (dim=86)

  Config: lambda=10.0, N=120 (dim=121)

  Config: lambda=15.0, N=180 (dim=181)

================================================================================
  LAMBDA = 3.0, N = 30, dim = 31
  2026-04-19 01:50:07
================================================================================
  Baue QW: lambda=3.0, N=30, L=2.1972
    W_R...
    W_02...
    W_prime (k_max=9)...
    QW fertig in 9.4s
    Diagonalisiere 31x31...
    eigsy fertig in 0.7s
  w_min=-1.1504388, Cluster=5/31 (16.1%), Gap=6.68e-10
    Fourier-Projektion (dim=31)...
      m=20/30 (29s)
    Fourier-Projektion fertig in 45.1s
  ||P_cl k||=0.999999993556, Leckage=1.288811e-08, ||k_perp||=1.135258e-04
  Best single EV: k=0, |ov|=0.966864

  F(gamma) ZERLEGUNG:
         gamma       |F_raw|        |F_cl|      |F_perp|   |F_xi_edge|
     14.134725     1.593e-07     4.245e-18     1.593e-07     3.485e-14
     21.022040     8.585e-10     5.601e-19     8.585e-10     6.798e-15
     25.010858     3.512e-08     7.580e-19     3.512e-08     8.225e-15
     30.424876     2.373e-08     2.096e-18     2.373e-08     2.303e-14
     32.935062     1.608e-08     3.015e-18     1.608e-08     3.309e-14

  Rayleigh=-1.150438769, Diff=2.4e-12
  Gesamtzeit: 55.3s (0.9 min)

================================================================================
  LAMBDA = 5.0, N = 55, dim = 56
  2026-04-19 01:51:02
================================================================================
  Baue QW: lambda=5.0, N=55, L=3.2189
    W_R...
    W_02...
    W_prime (k_max=25)...
    QW fertig in 28.9s
    Diagonalisiere 56x56...
    eigsy fertig in 3.2s
  w_min=-1.54373, Cluster=18/56 (32.1%), Gap=2.32e-9
    Fourier-Projektion (dim=56)...
      m=20/55 (34s)
      m=40/55 (77s)
    Fourier-Projektion fertig in 126.9s
  ||P_cl k||=0.999999999833, Leckage=3.334946e-10, ||k_perp||=1.826183e-05
  Best single EV: k=4, |ov|=0.743328

  F(gamma) ZERLEGUNG:
         gamma       |F_raw|        |F_cl|      |F_perp|   |F_xi_edge|
     14.134725     2.277e-08     5.549e-19     2.277e-08     3.148e-13
     21.022040     4.818e-08     1.340e-18     4.818e-08     4.421e-13
     25.010858     5.644e-08     1.833e-18     5.644e-08     6.046e-13
     30.424876     2.462e-08     3.985e-19     2.462e-08     1.323e-13
     32.935062     6.895e-08     2.038e-18     6.895e-08     6.733e-13

  Rayleigh=-1.543729987, Diff=3.55e-12
  Gesamtzeit: 159.8s (2.7 min)

================================================================================
  LAMBDA = 7.0, N = 85, dim = 86
  2026-04-19 01:53:42
================================================================================
  Baue QW: lambda=7.0, N=85, L=3.8918
    W_R...
    W_02...
    W_prime (k_max=49)...
    QW fertig in 76.2s
    Diagonalisiere 86x86...
    eigsy fertig in 9.9s
  w_min=-1.7332893, Cluster=33/86 (38.4%), Gap=2.07e-9
    Fourier-Projektion (dim=86)...
      m=20/85 (34s)
      m=40/85 (90s)
      m=60/85 (156s)
      m=80/85 (222s)
    Fourier-Projektion fertig in 238.2s
  ||P_cl k||=0.999999999948, Leckage=1.033826e-10, ||k_perp||=1.016772e-05
  Best single EV: k=10, |ov|=0.722642

  F(gamma) ZERLEGUNG:
         gamma       |F_raw|        |F_cl|      |F_perp|   |F_xi_edge|
     14.134725     5.044e-08     4.137e-19     5.044e-08     2.379e-13
     21.022040     4.586e-07     5.646e-19     4.586e-07     4.656e-13
     25.010858     1.816e-08     7.568e-19     1.816e-08     7.488e-13
     30.424876     6.766e-08     1.624e-18     6.766e-08     1.602e-12
     32.935062     1.292e-08     6.260e-19     1.292e-08     6.219e-13

  Rayleigh=-1.73328932, Diff=3.462e-12
  Gesamtzeit: 327.5s (5.5 min)

================================================================================
  LAMBDA = 10.0, N = 120, dim = 121
  2026-04-19 01:59:09
================================================================================
  Baue QW: lambda=10.0, N=120, L=4.6052
    W_R...
    W_02...
    W_prime (k_max=100)...
    QW fertig in 172.2s
    Diagonalisiere 121x121...
    eigsy fertig in 25.3s
  w_min=-1.8839362, Cluster=54/121 (44.6%), Gap=1.73e-9
    Fourier-Projektion (dim=121)...
      m=20/120 (35s)
      m=40/120 (102s)
      m=60/120 (167s)
      m=80/120 (232s)
      m=100/120 (297s)
      m=120/120 (363s)
    Fourier-Projektion fertig in 363.1s
  ||P_cl k||=0.999999999973, Leckage=5.436940e-11, ||k_perp||=7.373560e-06
  Best single EV: k=21, |ov|=0.564009

  F(gamma) ZERLEGUNG:
         gamma       |F_raw|        |F_cl|      |F_perp|   |F_xi_edge|
     14.134725     4.151e-09     3.717e-19     4.151e-09     1.047e-12
     21.022040     8.635e-09     7.030e-19     8.635e-09     1.096e-12
     25.010858     2.264e-09     7.470e-19     2.264e-09     1.183e-12
     30.424876     2.152e-09     6.275e-19     2.152e-09     9.962e-13
     32.935062     3.211e-08     4.155e-19     3.211e-08     6.657e-13

  Rayleigh=-1.883936174, Diff=2.52e-12
  Gesamtzeit: 569.8s (9.5 min)

================================================================================
  LAMBDA = 15.0, N = 180, dim = 181
  2026-04-19 02:08:39
================================================================================
  Baue QW: lambda=15.0, N=180, L=5.4161
    W_R...
    W_02...
    W_prime (k_max=224)...
    QW fertig in 526.6s
    Diagonalisiere 181x181...
    eigsy fertig in 77.4s
  w_min=-2.0061647, Cluster=89/181 (49.2%), Gap=6.76e-10
    Fourier-Projektion (dim=181)...
      m=20/180 (50s)
      m=40/180 (117s)
      m=60/180 (184s)
      m=80/180 (250s)
      m=100/180 (316s)
      m=120/180 (383s)
      m=140/180 (450s)
      m=160/180 (516s)
      m=180/180 (581s)
    Fourier-Projektion fertig in 581.3s
  ||P_cl k||=0.999999999986, Leckage=2.792089e-11, ||k_perp||=5.284023e-06
  Best single EV: k=31, |ov|=0.587083

  F(gamma) ZERLEGUNG:
         gamma       |F_raw|        |F_cl|      |F_perp|   |F_xi_edge|
     14.134725     4.963e-08     4.627e-19     4.963e-08     5.337e-13
     21.022040     7.280e-08     2.875e-19     7.280e-08     6.229e-13
     25.010858     2.880e-08     9.765e-20     2.880e-08     2.407e-13
     30.424876     1.042e-08     1.434e-19     1.042e-08     3.540e-13
     32.935062     1.438e-08     1.215e-19     1.438e-08     3.003e-13

  Rayleigh=-2.006164735, Diff=2.619e-12
  Gesamtzeit: 1218.5s (20.3 min)

================================================================================
  LECKAGE-SKALIERUNG ZUSAMMENFASSUNG (N ~ lambda^2)
  Ende: 2026-04-19 02:28:58
================================================================================
     lam      N      Cl/Dim         Gap       Leckage    ||k_perp||   |F_raw(g1)|    |F_cl(g1)|  |F_perp(g1)|      Zeit
     3.0     30        5/31    6.68e-10    1.2888e-08    1.1353e-04     1.593e-07     4.245e-18     1.593e-07     0.9m
     5.0     55       18/56    2.32e-09    3.3349e-10    1.8262e-05     2.277e-08     5.549e-19     2.277e-08     2.7m
     7.0     85       33/86    2.07e-09    1.0338e-10    1.0168e-05     5.044e-08     4.137e-19     5.044e-08     5.5m
    10.0    120      54/121    1.73e-09    5.4369e-11    7.3736e-06     4.151e-09     3.717e-19     4.151e-09     9.5m
    15.0    180      89/181    6.76e-10    2.7921e-11    5.2840e-06     4.963e-08     4.627e-19     4.963e-08    20.3m

  Skalierungs-Exponent Leckage: alpha = -3.68 (Leckage ~ lam^alpha)
  Skalierungs-Exponent ||k_perp||: alpha = -1.84 (||k_perp|| ~ lam^alpha)
  (alpha < 0 => verschwindet fuer lambda -> inf)

  FERTIG.
