C2bt SERVER: Quasimode-Skalierung (N proportional L)
DPS=35, N_FACTOR=12, CLUSTER_TOL=1e-06
Lambda-Range: 3.0 .. 100.0 (14 Punkte)


  lam=3.0, L=2.197, N=40, dim=41
    Build: 14s, Eig: 0.0s, k: 66s
    n_cl=6, n_off=35, gap=4.1079e-06
    R_0=1.6055e-06, R_rho=1.6055e-06, R_H=3.18
    ||k_perp||=2.3402e-05, R_0/gap=3.9083e-01
    mu/alpha=4.1956e-07

  lam=5.0, L=3.219, N=40, dim=41
    Build: 17s, Eig: 0.0s, k: 63s
    n_cl=17, n_off=24, gap=1.8172e-05
    R_0=2.2737e-06, R_rho=2.2737e-06, R_H=5.31
    ||k_perp||=1.0838e-05, R_0/gap=1.2512e-01
    mu/alpha=4.2901e-07

  lam=7.0, L=3.892, N=47, dim=48
    Build: 26s, Eig: 0.0s, k: 73s
    n_cl=25, n_off=23, gap=5.3010e-05
    R_0=2.4289e-06, R_rho=2.4289e-06, R_H=6.58
    ||k_perp||=8.9341e-06, R_0/gap=4.5820e-02
    mu/alpha=5.1922e-07

  lam=9.0, L=4.394, N=53, dim=54
    Build: 37s, Eig: 0.0s, k: 84s
    n_cl=31, n_off=23, gap=1.9216e-05
    R_0=2.5703e-06, R_rho=2.5703e-06, R_H=7.81
    ||k_perp||=8.6603e-06, R_0/gap=1.3376e-01
    mu/alpha=5.0510e-07

  lam=11.0, L=4.796, N=58, dim=59
    Build: 51s, Eig: 0.0s, k: 93s
    n_cl=35, n_off=24, gap=2.6797e-06
    R_0=2.4522e-06, R_rho=2.4522e-06, R_H=9.01
    ||k_perp||=1.2316e-05, R_0/gap=9.1509e-01
    mu/alpha=4.1703e-07

  lam=13.0, L=5.130, N=62, dim=63
    Build: 69s, Eig: 0.0s, k: 98s
    n_cl=40, n_off=23, gap=2.2262e-05
    R_0=2.5846e-06, R_rho=2.5846e-06, R_H=10.21
    ||k_perp||=8.9479e-06, R_0/gap=1.1610e-01
    mu/alpha=5.0031e-07

  lam=15.0, L=5.416, N=65, dim=66
    Build: 87s, Eig: 0.0s, k: 105s
    n_cl=42, n_off=24, gap=1.3007e-06
    R_0=2.3984e-06, R_rho=2.3984e-06, R_H=11.39
    ||k_perp||=1.3463e-05, R_0/gap=1.8439e+00
    mu/alpha=3.7060e-07

  lam=20.0, L=5.991, N=72, dim=73
    Build: 147s, Eig: 0.0s, k: 118s
    n_cl=49, n_off=24, gap=1.3585e-06
    R_0=2.7963e-06, R_rho=2.7963e-06, R_H=14.32
    ||k_perp||=1.3223e-05, R_0/gap=2.0584e+00
    mu/alpha=4.7789e-07

  lam=25.0, L=6.438, N=78, dim=79
    Build: 228s, Eig: 0.0s, k: 127s
    n_cl=55, n_off=24, gap=3.4135e-06
    R_0=2.7861e-06, R_rho=2.7861e-06, R_H=17.22
    ||k_perp||=1.1377e-05, R_0/gap=8.1619e-01
    mu/alpha=5.3325e-07

  lam=30.0, L=6.802, N=82, dim=83
    Build: 316s, Eig: 0.0s, k: 133s
    n_cl=59, n_off=24, gap=1.2777e-06
    R_0=2.9396e-06, R_rho=2.9396e-06, R_H=20.10
    ||k_perp||=1.2647e-05, R_0/gap=2.3006e+00
    mu/alpha=4.2554e-07

  lam=40.0, L=7.378, N=89, dim=90
