C2bt SPECTRAL MASS: Toleranzfreie Clusterdiagnostik
DPS=35, N_FACTOR=12
Lambda-Range: 3.0 .. 100.0 (14 Punkte)
Epsilon-Werte: [0.0001, 1e-06, 1e-08, 1e-10, 1e-12]


  lam=3.0, L=2.197, N=40, dim=41
    Build: 14s, Eig: 0.0s, k: 66s
    R_0=1.6055e-06, R_rho=1.6055e-06, mu/alpha=4.1956e-07
    m_0=0.6233708281, M(0)=0.6233708281
    eps=1e-04: J=4, g_eff=4.4111e-10, R0/g_eff=3.6397e+03, ||k_perp||=1.1343e-04
    eps=1e-06: J=4, g_eff=4.4111e-10, R0/g_eff=3.6397e+03, ||k_perp||=1.1343e-04
    eps=1e-08: J=5, g_eff=4.1079e-06, R0/g_eff=3.9083e-01, ||k_perp||=2.3402e-05
    eps=1e-10: J=6, g_eff=6.2307e-03, R0/g_eff=2.5767e-04, ||k_perp||=5.6998e-06
    eps=1e-12: J=10, g_eff=9.1623e-01, R0/g_eff=1.7523e-06, ||k_perp||=9.6680e-07

  lam=5.0, L=3.219, N=40, dim=41
    Build: 17s, Eig: 0.0s, k: 63s
    R_0=2.2737e-06, R_rho=2.2737e-06, mu/alpha=4.2901e-07
    m_0=0.0315580842, M(0)=0.0315580842
    eps=1e-04: J=13, g_eff=5.7199e-13, R0/g_eff=3.9751e+06, ||k_perp||=9.8144e-04
    eps=1e-06: J=13, g_eff=5.7199e-13, R0/g_eff=3.9751e+06, ||k_perp||=9.8144e-04
    eps=1e-08: J=14, g_eff=2.8813e-10, R0/g_eff=7.8913e+03, ||k_perp||=5.0429e-05
    eps=1e-10: J=17, g_eff=2.5479e-03, R0/g_eff=8.9240e-04, ||k_perp||=5.1122e-06
    eps=1e-12: J=20, g_eff=1.7415e+00, R0/g_eff=1.3056e-06, ||k_perp||=8.0446e-07

  lam=7.0, L=3.892, N=47, dim=48
    Build: 26s, Eig: 0.0s, k: 74s
    R_0=2.4289e-06, R_rho=2.4289e-06, mu/alpha=5.1922e-07
    m_0=0.0076656155, M(0)=0.0076656155
    eps=1e-04: J=20, g_eff=1.1657e-13, R0/g_eff=2.0836e+07, ||k_perp||=2.3952e-03
    eps=1e-06: J=21, g_eff=3.8734e-11, R0/g_eff=6.2708e+04, ||k_perp||=6.2268e-05
    eps=1e-08: J=21, g_eff=3.8734e-11, R0/g_eff=6.2708e+04, ||k_perp||=6.2268e-05
    eps=1e-10: J=24, g_eff=5.3010e-05, R0/g_eff=4.5820e-02, ||k_perp||=8.9341e-06
    eps=1e-12: J=28, g_eff=2.3723e+00, R0/g_eff=1.0239e-06, ||k_perp||=6.1493e-07

  lam=9.0, L=4.394, N=53, dim=54
    Build: 37s, Eig: 0.0s, k: 85s
    R_0=2.5703e-06, R_rho=2.5703e-06, mu/alpha=5.0510e-07
    m_0=0.0002693026, M(0)=0.0002693026
    eps=1e-04: J=26, g_eff=3.6549e-13, R0/g_eff=7.0325e+06, ||k_perp||=5.3730e-04
    eps=1e-06: J=26, g_eff=3.6549e-13, R0/g_eff=7.0325e+06, ||k_perp||=5.3730e-04
    eps=1e-08: J=27, g_eff=6.8312e-11, R0/g_eff=3.7626e+04, ||k_perp||=5.4976e-05
    eps=1e-10: J=30, g_eff=1.9216e-05, R0/g_eff=1.3376e-01, ||k_perp||=8.6603e-06
    eps=1e-12: J=34, g_eff=2.9172e+00, R0/g_eff=8.8107e-07, ||k_perp||=6.0749e-07

  lam=11.0, L=4.796, N=58, dim=59
    Build: 52s, Eig: 0.0s, k: 94s
    R_0=2.4522e-06, R_rho=2.4522e-06, mu/alpha=4.1703e-07
    m_0=0.0079001170, M(0)=0.0079001170
    eps=1e-04: J=31, g_eff=2.5520e-12, R0/g_eff=9.6090e+05, ||k_perp||=1.1764e-04
    eps=1e-06: J=31, g_eff=2.5520e-12, R0/g_eff=9.6090e+05, ||k_perp||=1.1764e-04
    eps=1e-08: J=32, g_eff=3.5338e-10, R0/g_eff=6.9393e+03, ||k_perp||=3.7285e-05
    eps=1e-10: J=35, g_eff=9.7199e-05, R0/g_eff=2.5229e-02, ||k_perp||=7.4386e-06
    eps=1e-12: J=39, g_eff=3.3632e+00, R0/g_eff=7.2912e-07, ||k_perp||=4.9579e-07

  lam=13.0, L=5.130, N=62, dim=63
    Build: 70s, Eig: 0.0s, k: 99s
    R_0=2.5846e-06, R_rho=2.5846e-06, mu/alpha=5.0031e-07
    m_0=0.0001213682, M(0)=0.0001213682
    eps=1e-04: J=34, g_eff=2.1760e-14, R0/g_eff=1.1878e+08, ||k_perp||=8.6036e-03
    eps=1e-06: J=35, g_eff=3.9178e-12, R0/g_eff=6.5973e+05, ||k_perp||=4.0429e-05
    eps=1e-08: J=35, g_eff=3.9178e-12, R0/g_eff=6.5973e+05, ||k_perp||=4.0429e-05
    eps=1e-10: J=39, g_eff=2.2262e-05, R0/g_eff=1.1610e-01, ||k_perp||=8.9479e-06
    eps=1e-12: J=43, g_eff=3.6880e+00, R0/g_eff=7.0083e-07, ||k_perp||=4.6850e-07

  lam=15.0, L=5.416, N=65, dim=66
    Build: 86s, Eig: 0.0s, k: 104s
    R_0=2.3984e-06, R_rho=2.3984e-06, mu/alpha=3.7060e-07
    m_0=0.0301562181, M(0)=0.0301562181
    eps=1e-04: J=38, g_eff=1.7684e-12, R0/g_eff=1.3563e+06, ||k_perp||=9.8054e-05
    eps=1e-06: J=38, g_eff=1.7684e-12, R0/g_eff=1.3563e+06, ||k_perp||=9.8054e-05
    eps=1e-08: J=38, g_eff=1.7684e-12, R0/g_eff=1.3563e+06, ||k_perp||=9.8054e-05
    eps=1e-10: J=42, g_eff=4.9191e-05, R0/g_eff=4.8757e-02, ||k_perp||=8.5364e-06
    eps=1e-12: J=46, g_eff=3.8305e+00, R0/g_eff=6.2614e-07, ||k_perp||=4.2709e-07

  lam=20.0, L=5.991, N=72, dim=73
    Build: 147s, Eig: 0.0s, k: 117s
    R_0=2.7963e-06, R_rho=2.7963e-06, mu/alpha=4.7789e-07
    m_0=0.0214737078, M(0)=0.0214737078
    eps=1e-04: J=44, g_eff=1.7319e-14, R0/g_eff=1.6145e+08, ||k_perp||=7.9083e-03
    eps=1e-06: J=45, g_eff=1.6911e-12, R0/g_eff=1.6535e+06, ||k_perp||=8.6595e-05
    eps=1e-08: J=45, g_eff=1.6911e-12, R0/g_eff=1.6535e+06, ||k_perp||=8.6595e-05
    eps=1e-10: J=49, g_eff=7.1638e-05, R0/g_eff=3.9033e-02, ||k_perp||=7.7051e-06
    eps=1e-12: J=53, g_eff=4.3371e+00, R0/g_eff=6.4473e-07, ||k_perp||=4.8377e-07

  lam=25.0, L=6.438, N=78, dim=79
    Build: 226s, Eig: 0.0s, k: 127s
    R_0=2.7861e-06, R_rho=2.7861e-06, mu/alpha=5.3325e-07
    m_0=0.0007675324, M(0)=0.0007675324
    eps=1e-04: J=50, g_eff=5.0182e-14, R0/g_eff=5.5520e+07, ||k_perp||=7.8217e-04
    eps=1e-06: J=50, g_eff=5.0182e-14, R0/g_eff=5.5520e+07, ||k_perp||=7.8217e-04
    eps=1e-08: J=51, g_eff=3.7645e-12, R0/g_eff=7.4009e+05, ||k_perp||=8.6415e-05
    eps=1e-10: J=55, g_eff=9.0798e-05, R0/g_eff=3.0685e-02, ||k_perp||=6.7178e-06
    eps=1e-12: J=59, g_eff=4.6962e+00, R0/g_eff=5.9326e-07, ||k_perp||=4.2813e-07

  lam=30.0, L=6.802, N=82, dim=83
    Build: 314s, Eig: 0.0s, k: 132s
    R_0=2.9396e-06, R_rho=2.9396e-06, mu/alpha=4.2554e-07
    m_0=0.0317861121, M(0)=0.0317861121
    eps=1e-04: J=53, g_eff=9.7700e-15, R0/g_eff=3.0088e+08, ||k_perp||=7.9241e-03
    eps=1e-06: J=54, g_eff=5.1070e-14, R0/g_eff=5.7559e+07, ||k_perp||=4.5041e-04
    eps=1e-08: J=55, g_eff=4.3583e-12, R0/g_eff=6.7448e+05, ||k_perp||=3.4899e-05
    eps=1e-10: J=59, g_eff=5.3712e-05, R0/g_eff=5.4728e-02, ||k_perp||=7.8300e-06
    eps=1e-12: J=63, g_eff=5.0460e+00, R0/g_eff=5.8255e-07, ||k_perp||=4.4129e-07

  lam=40.0, L=7.378, N=89, dim=90
    Build: 553s, Eig: 0.0s, k: 142s
    R_0=3.2583e-06, R_rho=3.2583e-06, mu/alpha=6.3061e-07
    m_0=0.0307117238, M(0)=0.0307117238
    eps=1e-04: J=61, g_eff=6.8834e-14, R0/g_eff=4.7336e+07, ||k_perp||=4.6094e-03
    eps=1e-06: J=62, g_eff=7.3448e-12, R0/g_eff=4.4362e+05, ||k_perp||=4.4265e-05
    eps=1e-08: J=62, g_eff=7.3448e-12, R0/g_eff=4.4362e+05, ||k_perp||=4.4265e-05
    eps=1e-10: J=66, g_eff=9.3945e-05, R0/g_eff=3.4683e-02, ||k_perp||=7.1434e-06
    eps=1e-12: J=70, g_eff=5.8934e+00, R0/g_eff=5.5287e-07, ||k_perp||=4.1617e-07

  lam=50.0, L=7.824, N=94, dim=95
    Build: 868s, Eig: 0.0s, k: 150s
    R_0=3.1364e-06, R_rho=3.1364e-06, mu/alpha=4.3075e-07
    m_0=0.0000368255, M(0)=0.0000368255
    eps=1e-04: J=66, g_eff=4.4853e-14, R0/g_eff=6.9926e+07, ||k_perp||=4.7119e-03
    eps=1e-06: J=67, g_eff=3.7392e-12, R0/g_eff=8.3878e+05, ||k_perp||=4.6496e-05
    eps=1e-08: J=67, g_eff=3.7392e-12, R0/g_eff=8.3878e+05, ||k_perp||=4.6496e-05
    eps=1e-10: J=71, g_eff=3.3215e-05, R0/g_eff=9.4427e-02, ||k_perp||=8.1754e-06
    eps=1e-12: J=75, g_eff=5.8981e+00, R0/g_eff=5.3176e-07, ||k_perp||=4.0904e-07

  lam=75.0, L=8.635, N=104, dim=105
    Build: 2041s, Eig: 0.0s, k: 168s
    R_0=3.3363e-06, R_rho=3.3363e-06, mu/alpha=5.1298e-07
    m_0=0.0383844850, M(0)=0.0383844850
    eps=1e-04: J=77, g_eff=2.4283e-12, R0/g_eff=1.3739e+06, ||k_perp||=1.4463e-04
    eps=1e-06: J=77, g_eff=2.4283e-12, R0/g_eff=1.3739e+06, ||k_perp||=1.4463e-04
    eps=1e-08: J=78, g_eff=1.9295e-10, R0/g_eff=1.7291e+04, ||k_perp||=4.1311e-05
    eps=1e-10: J=81, g_eff=1.8666e-05, R0/g_eff=1.7874e-01, ||k_perp||=8.4048e-06
    eps=1e-12: J=85, g_eff=7.1290e+00, R0/g_eff=4.6799e-07, ||k_perp||=3.9255e-07

  lam=100.0, L=9.210, N=111, dim=112
    Build: 3772s, Eig: 0.0s, k: 179s
    R_0=3.6365e-06, R_rho=3.6365e-06, mu/alpha=5.9909e-07
    m_0=0.0005777595, M(0)=0.0005777595
    eps=1e-04: J=83, g_eff=7.7272e-14, R0/g_eff=4.7061e+07, ||k_perp||=2.1780e-03
    eps=1e-06: J=84, g_eff=6.7306e-12, R0/g_eff=5.4029e+05, ||k_perp||=5.0768e-05
    eps=1e-08: J=84, g_eff=6.7306e-12, R0/g_eff=5.4029e+05, ||k_perp||=5.0768e-05
    eps=1e-10: J=88, g_eff=8.5924e-05, R0/g_eff=4.2322e-02, ||k_perp||=6.9629e-06
    eps=1e-12: J=92, g_eff=7.6259e+00, R0/g_eff=4.7686e-07, ||k_perp||=3.9383e-07

  Gesamtzeit: 9823s (163.7 min)

  Ergebnisse gespeichert: c2bt_spectral_mass_results.json

==================================================================================================================================
ZUSAMMENFASSUNG: EFFEKTIVER GAP g_eff(eps) UND R_0/g_eff
==================================================================================================================================

  --- eps = 1e-04 ---
    lam    N    J        g_eff          R_0     R0/g_eff   ||k_perp||
    3.0   40    4   4.4111e-10   1.6055e-06   3.6397e+03   1.1343e-04
    5.0   40   13   5.7199e-13   2.2737e-06   3.9751e+06   9.8144e-04
    7.0   47   20   1.1657e-13   2.4289e-06   2.0836e+07   2.3952e-03
    9.0   53   26   3.6549e-13   2.5703e-06   7.0325e+06   5.3730e-04
   11.0   58   31   2.5520e-12   2.4522e-06   9.6090e+05   1.1764e-04
   13.0   62   34   2.1760e-14   2.5846e-06   1.1878e+08   8.6036e-03
   15.0   65   38   1.7684e-12   2.3984e-06   1.3563e+06   9.8054e-05
   20.0   72   44   1.7319e-14   2.7963e-06   1.6145e+08   7.9083e-03
   25.0   78   50   5.0182e-14   2.7861e-06   5.5520e+07   7.8217e-04
   30.0   82   53   9.7700e-15   2.9396e-06   3.0088e+08   7.9241e-03
   40.0   89   61   6.8834e-14   3.2583e-06   4.7336e+07   4.6094e-03
   50.0   94   66   4.4853e-14   3.1364e-06   6.9926e+07   4.7119e-03
   75.0  104   77   2.4283e-12   3.3363e-06   1.3739e+06   1.4463e-04
  100.0  111   83   7.7272e-14   3.6365e-06   4.7061e+07   2.1780e-03
  => R0/g_eff ~ lam^(+1.559), R^2=0.289 => STEIGT

  --- eps = 1e-06 ---
    lam    N    J        g_eff          R_0     R0/g_eff   ||k_perp||
    3.0   40    4   4.4111e-10   1.6055e-06   3.6397e+03   1.1343e-04
    5.0   40   13   5.7199e-13   2.2737e-06   3.9751e+06   9.8144e-04
    7.0   47   21   3.8734e-11   2.4289e-06   6.2708e+04   6.2268e-05
    9.0   53   26   3.6549e-13   2.5703e-06   7.0325e+06   5.3730e-04
   11.0   58   31   2.5520e-12   2.4522e-06   9.6090e+05   1.1764e-04
   13.0   62   35   3.9178e-12   2.5846e-06   6.5973e+05   4.0429e-05
   15.0   65   38   1.7684e-12   2.3984e-06   1.3563e+06   9.8054e-05
   20.0   72   45   1.6911e-12   2.7963e-06   1.6535e+06   8.6595e-05
   25.0   78   50   5.0182e-14   2.7861e-06   5.5520e+07   7.8217e-04
   30.0   82   54   5.1070e-14   2.9396e-06   5.7559e+07   4.5041e-04
   40.0   89   62   7.3448e-12   3.2583e-06   4.4362e+05   4.4265e-05
   50.0   94   67   3.7392e-12   3.1364e-06   8.3878e+05   4.6496e-05
   75.0  104   77   2.4283e-12   3.3363e-06   1.3739e+06   1.4463e-04
  100.0  111   84   6.7306e-12   3.6365e-06   5.4029e+05   5.0768e-05
  => R0/g_eff ~ lam^(+0.853), R^2=0.126 => STEIGT

  --- eps = 1e-08 ---
    lam    N    J        g_eff          R_0     R0/g_eff   ||k_perp||
    3.0   40    5   4.1079e-06   1.6055e-06   3.9083e-01   2.3402e-05
    5.0   40   14   2.8813e-10   2.2737e-06   7.8913e+03   5.0429e-05
    7.0   47   21   3.8734e-11   2.4289e-06   6.2708e+04   6.2268e-05
    9.0   53   27   6.8312e-11   2.5703e-06   3.7626e+04   5.4976e-05
   11.0   58   32   3.5338e-10   2.4522e-06   6.9393e+03   3.7285e-05
   13.0   62   35   3.9178e-12   2.5846e-06   6.5973e+05   4.0429e-05
   15.0   65   38   1.7684e-12   2.3984e-06   1.3563e+06   9.8054e-05
   20.0   72   45   1.6911e-12   2.7963e-06   1.6535e+06   8.6595e-05
   25.0   78   51   3.7645e-12   2.7861e-06   7.4009e+05   8.6415e-05
   30.0   82   55   4.3583e-12   2.9396e-06   6.7448e+05   3.4899e-05
   40.0   89   62   7.3448e-12   3.2583e-06   4.4362e+05   4.4265e-05
   50.0   94   67   3.7392e-12   3.1364e-06   8.3878e+05   4.6496e-05
   75.0  104   78   1.9295e-10   3.3363e-06   1.7291e+04   4.1311e-05
  100.0  111   84   6.7306e-12   3.6365e-06   5.4029e+05   5.0768e-05
  => R0/g_eff ~ lam^(+2.393), R^2=0.377 => STEIGT

  --- eps = 1e-10 ---
    lam    N    J        g_eff          R_0     R0/g_eff   ||k_perp||
    3.0   40    6   6.2307e-03   1.6055e-06   2.5767e-04   5.6998e-06
    5.0   40   17   2.5479e-03   2.2737e-06   8.9240e-04   5.1122e-06
    7.0   47   24   5.3010e-05   2.4289e-06   4.5820e-02   8.9341e-06
    9.0   53   30   1.9216e-05   2.5703e-06   1.3376e-01   8.6603e-06
   11.0   58   35   9.7199e-05   2.4522e-06   2.5229e-02   7.4386e-06
   13.0   62   39   2.2262e-05   2.5846e-06   1.1610e-01   8.9479e-06
   15.0   65   42   4.9191e-05   2.3984e-06   4.8757e-02   8.5364e-06
   20.0   72   49   7.1638e-05   2.7963e-06   3.9033e-02   7.7051e-06
   25.0   78   55   9.0798e-05   2.7861e-06   3.0685e-02   6.7178e-06
   30.0   82   59   5.3712e-05   2.9396e-06   5.4728e-02   7.8300e-06
   40.0   89   66   9.3945e-05   3.2583e-06   3.4683e-02   7.1434e-06
   50.0   94   71   3.3215e-05   3.1364e-06   9.4427e-02   8.1754e-06
   75.0  104   81   1.8666e-05   3.3363e-06   1.7874e-01   8.4048e-06
  100.0  111   88   8.5924e-05   3.6365e-06   4.2322e-02   6.9629e-06
  => R0/g_eff ~ lam^(+1.167), R^2=0.417 => STEIGT

  --- eps = 1e-12 ---
    lam    N    J        g_eff          R_0     R0/g_eff   ||k_perp||
    3.0   40   10   9.1623e-01   1.6055e-06   1.7523e-06   9.6680e-07
    5.0   40   20   1.7415e+00   2.2737e-06   1.3056e-06   8.0446e-07
    7.0   47   28   2.3723e+00   2.4289e-06   1.0239e-06   6.1493e-07
    9.0   53   34   2.9172e+00   2.5703e-06   8.8107e-07   6.0749e-07
   11.0   58   39   3.3632e+00   2.4522e-06   7.2912e-07   4.9579e-07
   13.0   62   43   3.6880e+00   2.5846e-06   7.0083e-07   4.6850e-07
   15.0   65   46   3.8305e+00   2.3984e-06   6.2614e-07   4.2709e-07
   20.0   72   53   4.3371e+00   2.7963e-06   6.4473e-07   4.8377e-07
   25.0   78   59   4.6962e+00   2.7861e-06   5.9326e-07   4.2813e-07
   30.0   82   63   5.0460e+00   2.9396e-06   5.8255e-07   4.4129e-07
   40.0   89   70   5.8934e+00   3.2583e-06   5.5287e-07   4.1617e-07
   50.0   94   75   5.8981e+00   3.1364e-06   5.3176e-07   4.0904e-07
   75.0  104   85   7.1290e+00   3.3363e-06   4.6799e-07   3.9255e-07
  100.0  111   92   7.6259e+00   3.6365e-06   4.7686e-07   3.9383e-07
  => R0/g_eff ~ lam^(-0.354), R^2=0.879 => SINKT

==================================================================================================================================
MASSENKONZENTRATION: Wo sitzt die Masse von k?
==================================================================================================================================
    lam          m_0         M(0)  J(99.99%)      Delta_J     mu/alpha
    3.0   0.62337083   0.62337083          4   4.4111e-10   4.1956e-07
    5.0   0.03155808   0.03155808         13   5.7199e-13   4.2901e-07
    7.0   0.00766562   0.00766562         20   1.1657e-13   5.1922e-07
    9.0   0.00026930   0.00026930         26   3.6549e-13   5.0510e-07
   11.0   0.00790012   0.00790012         31   2.5520e-12   4.1703e-07
   13.0   0.00012137   0.00012137         34   2.1760e-14   5.0031e-07
   15.0   0.03015622   0.03015622         38   1.7684e-12   3.7060e-07
   20.0   0.02147371   0.02147371         44   1.7319e-14   4.7789e-07
   25.0   0.00076753   0.00076753         50   5.0182e-14   5.3325e-07
   30.0   0.03178611   0.03178611         53   9.7700e-15   4.2554e-07
   40.0   0.03071172   0.03071172         61   6.8834e-14   6.3061e-07
   50.0   0.00003683   0.00003683         66   4.4853e-14   4.3075e-07
   75.0   0.03838449   0.03838449         77   2.4283e-12   5.1298e-07
  100.0   0.00057776   0.00057776         83   7.7272e-14   5.9909e-07

Done.
