======================================================================
Dirichlet chi_4 CCM-Test
  lambda = 3.0
  N      = 60
  dps    = 150
  parity = odd
  q_mod  = 4
======================================================================

  Baue QW bei lambda=3.000000, N=60, dps=150
  L = 2 log(lambda) = 2.197225
  chi parity = odd, q_mod = 4
  Baue W_R...
  Berechne alpha/beta/gamma (parity=odd) fuer n in [-60, 60]...
  Baue W_prime...
  Prim-Summe bis k_max = 9

  Projektion auf EVEN-Unterraum (Dim N+1 = 61)...
  Diagonalisiere EVEN-Matrix (61x61)...
  Diagonalisiere 61x61 mit mp.eigsy (dps=150)...
    Fertig in 5.7s

  Niedrigste 15 Eigenwerte:
    k=  0: w = +5.055673848314e-01   gap = +1.419e-03
    k=  1: w = +5.069859353226e-01   gap = +8.984e-01
    k=  2: w = +1.405401896317e+00   gap = +6.102e-01
    k=  3: w = +2.015592111155e+00   gap = +3.641e-02
    k=  4: w = +2.052003073202e+00   gap = +3.172e-01
    k=  5: w = +2.369179779554e+00   gap = +2.578e-01
    k=  6: w = +2.626999182718e+00   gap = +1.685e-01
    k=  7: w = +2.795479590839e+00   gap = +3.063e-02
    k=  8: w = +2.826105222649e+00   gap = +2.094e-01
    k=  9: w = +3.035553838492e+00   gap = +7.856e-02
    k= 10: w = +3.114112023994e+00   gap = +3.249e-02
    k= 11: w = +3.146597133319e+00   gap = +1.029e-01
    k= 12: w = +3.249500441247e+00   gap = +5.141e-02
    k= 13: w = +3.300913035990e+00   gap = +9.354e-02
    k= 14: w = +3.394448652862e+00   gap = +1.082e-01

  Overlaps |<delta_N, Q_even[:,k]>| fuer k=0..10:
    k=  0: w = +5.055673848314e-01   |ov| = 2.038605e-04
    k=  1: w = +5.069859353226e-01   |ov| = 7.983537e-02
    k=  2: w = +1.405401896317e+00   |ov| = 9.640017e-01
    k=  3: w = +2.015592111155e+00   |ov| = 4.717270e-02
    k=  4: w = +2.052003073202e+00   |ov| = 2.467496e-01
    k=  5: w = +2.369179779554e+00   |ov| = 1.189403e+00
    k=  6: w = +2.626999182718e+00   |ov| = 3.130647e-01
    k=  7: w = +2.795479590839e+00   |ov| = 7.329102e-01
    k=  8: w = +2.826105222649e+00   |ov| = 5.878451e-01
    k=  9: w = +3.035553838492e+00   |ov| = 2.036563e-01
    k= 10: w = +3.114112023994e+00   |ov| = 2.658075e-01

  xi (Inverse-Energy): sum = +1.318238e-01   sqrt(L) = 1.482304

  F(gamma) bei erwarteten chi_4-Nullstellen:
    k=1: gamma_chi4,1 = 6.020948406467813, F = -5.849708e-05
    k=2: gamma_chi4,2 = 10.243766565498344, F = -9.980687e-05
    k=3: gamma_chi4,3 = 12.988096097420339, F = -2.851022e-04
    k=4: gamma_chi4,4 = 16.343297172788688, F = -1.381564e-03
    k=5: gamma_chi4,5 = 18.291996171925028, F = -2.251140e-03

  F(gamma) bei Riemann-gamma_k (Sanity — sollten NICHT null sein):
    gamma_Riemann,1 = 14.1347251417, F = +8.081747e-01
    gamma_Riemann,2 = 21.0220396388, F = -2.283676e-02

  Scan F(z) auf [0.1, 30] nach Nullstellen:
  Gefundene Nullstellen:
    z_1 = 2.859600867380   erwartet = 6.020948406468   err = 3.161e+00
    z_2 = 4.404957308456   erwartet = 10.243766565498   err = 5.839e+00
    z_3 = 5.719201734760   erwartet = 12.988096097420   err = 7.269e+00
    z_4 = 6.020977435711   erwartet = 16.343297172789   err = 1.032e+01
    z_5 = 8.578802602140   erwartet = 18.291996171925   err = 9.713e+00
    z_6 = 10.244013870496
    z_7 = 11.438403469521
    z_8 = 12.989553905248
    z_9 = 14.298004336901
    z_10 = 16.357915897929
    z_11 = 17.157605204281
    z_12 = 18.335550824839
    z_13 = 20.017206071661
    z_14 = 21.615514012981
    z_15 = 22.876806939041
