======================================================================
Dirichlet chi_4 CCM-Test
  lambda = 3.0
  N      = 30
  dps    = 100
  parity = odd
  q_mod  = 4
======================================================================

  Baue QW bei lambda=3.000000, N=30, dps=100
  L = 2 log(lambda) = 2.197225
  chi parity = odd, q_mod = 4
  Baue W_R...
  Berechne alpha/beta/gamma (parity=odd) fuer n in [-30, 30]...
  Conductor-Korrektur: log(4/pi)/L auf W_R
  Baue W_prime...
  Prim-Summe bis k_max = 9

  Projektion auf EVEN-Unterraum (Dim N+1 = 31)...
  Diagonalisiere EVEN-Matrix (31x31)...
  Diagonalisiere 31x31 mit mp.eigsy (dps=100)...
    Fertig in 0.7s

  Niedrigste 15 Eigenwerte:
    k=  0: w = -2.617244090932e+00   gap = +3.123e+00
    k=  1: w = +5.055673917258e-01   gap = +3.478e-03
    k=  2: w = +5.090455438622e-01   gap = +1.053e+00
    k=  3: w = +1.562197936947e+00   gap = +4.537e-01
    k=  4: w = +2.015893367015e+00   gap = +4.038e-02
    k=  5: w = +2.056271191898e+00   gap = +4.657e-01
    k=  6: w = +2.521966585410e+00   gap = +1.119e-01
    k=  7: w = +2.633906084342e+00   gap = +1.768e-01
    k=  8: w = +2.810754342528e+00   gap = +1.905e-01
    k=  9: w = +3.001296817732e+00   gap = +7.283e-02
    k= 10: w = +3.074126649262e+00   gap = +1.021e-01
    k= 11: w = +3.176223514612e+00   gap = +8.902e-02
    k= 12: w = +3.265238765131e+00   gap = +1.064e-01
    k= 13: w = +3.371624998928e+00   gap = +1.074e-01
    k= 14: w = +3.478993983153e+00   gap = +1.342e-01

  Overlaps |<delta_N, Q_even[:,k]>| fuer k=0..10:
    k=  0: w = -2.617244090932e+00   |ov| = 5.152530e+00
    k=  1: w = +5.055673917258e-01   |ov| = 9.838134e-05
    k=  2: w = +5.090455438622e-01   |ov| = 8.683726e-02
    k=  3: w = +1.562197936947e+00   |ov| = 5.546417e-01
    k=  4: w = +2.015893367015e+00   |ov| = 1.976060e-02
    k=  5: w = +2.056271191898e+00   |ov| = 7.530151e-02
    k=  6: w = +2.521966585410e+00   |ov| = 3.585192e-01
    k=  7: w = +2.633906084342e+00   |ov| = 9.789136e-02
    k=  8: w = +2.810754342528e+00   |ov| = 5.188860e-02
    k=  9: w = +3.001296817732e+00   |ov| = 2.520620e-01
    k= 10: w = +3.074126649262e+00   |ov| = 2.220028e-01

  xi (Inverse-Energy): sum = +7.637615e+00   sqrt(L) = 1.482304

  F(gamma) bei erwarteten chi_4-Nullstellen:
    k=1: gamma_chi4,1 = 6.020948406467813, F = +6.502785e-02
    k=2: gamma_chi4,2 = 10.243766565498344, F = -3.275954e-03
    k=3: gamma_chi4,3 = 12.988096097420339, F = +2.054695e-03
    k=4: gamma_chi4,4 = 16.343297172788688, F = -7.067808e-03
    k=5: gamma_chi4,5 = 18.291996171925028, F = +1.424311e-02

  F(gamma) bei Riemann-gamma_k (Sanity — sollten NICHT null sein):
    gamma_Riemann,1 = 14.1347251417, F = -1.894408e-01
    gamma_Riemann,2 = 21.0220396388, F = +2.878028e-02

  Scan F(z) auf [0.1, 30] nach Nullstellen:
  Gefundene Nullstellen:
    z_1 = 1.485847868111   erwartet = 6.020948406468   err = 4.535e+00
    z_2 = 2.859600867380   erwartet = 10.243766565498   err = 7.384e+00
    z_3 = 4.577165866153   erwartet = 12.988096097420   err = 8.411e+00
    z_4 = 5.719201734760   erwartet = 16.343297172789   err = 1.062e+01
    z_5 = 6.943801324639   erwartet = 18.291996171925   err = 1.135e+01
    z_6 = 8.578802602140
    z_7 = 10.161525032313
    z_8 = 11.438403469521
    z_9 = 13.041556287065
    z_10 = 14.298004336901
    z_11 = 16.176285950524
    z_12 = 17.157605204281
    z_13 = 18.740007487536
    z_14 = 20.017206071661
    z_15 = 21.872171427357
