======================================================================
Dirichlet chi_4 CCM-Test
  lambda = 10.0
  N      = 60
  dps    = 150
  parity = odd
  q_mod  = 4
======================================================================

  Baue QW bei lambda=10.000000, N=60, dps=150
  L = 2 log(lambda) = 4.605170
  chi parity = odd, q_mod = 4
  Baue W_R...
  Berechne alpha/beta/gamma (parity=odd) fuer n in [-60, 60]...
  Baue W_prime...
  Prim-Summe bis k_max = 100

  Projektion auf EVEN-Unterraum (Dim N+1 = 61)...
  Diagonalisiere EVEN-Matrix (61x61)...
  Diagonalisiere 61x61 mit mp.eigsy (dps=150)...
    Fertig in 4.3s

  Niedrigste 15 Eigenwerte:
    k=  0: w = -1.116257632302e+00   gap = +3.316e-73
    k=  1: w = -1.116257632302e+00   gap = +2.101e-66
    k=  2: w = -1.116257632302e+00   gap = +3.939e-60
    k=  3: w = -1.116257632302e+00   gap = +7.255e-55
    k=  4: w = -1.116257632302e+00   gap = +1.024e-49
    k=  5: w = -1.116257632302e+00   gap = +4.026e-45
    k=  6: w = -1.116257632302e+00   gap = +1.263e-40
    k=  7: w = -1.116257632302e+00   gap = +1.715e-36
    k=  8: w = -1.116257632302e+00   gap = +1.189e-32
    k=  9: w = -1.116257632302e+00   gap = +7.964e-29
    k= 10: w = -1.116257632302e+00   gap = +2.073e-25
    k= 11: w = -1.116257632302e+00   gap = +4.603e-22
    k= 12: w = -1.116257632302e+00   gap = +5.271e-19
    k= 13: w = -1.116257632302e+00   gap = +4.462e-16
    k= 14: w = -1.116257632302e+00   gap = +3.261e-13

  Overlaps |<delta_N, Q_even[:,k]>| fuer k=0..10:
    k=  0: w = -1.116257632302e+00   |ov| = 2.833256e-40
    k=  1: w = -1.116257632302e+00   |ov| = 2.688315e-36
    k=  2: w = -1.116257632302e+00   |ov| = 6.886346e-33
    k=  3: w = -1.116257632302e+00   |ov| = 9.192633e-30
    k=  4: w = -1.116257632302e+00   |ov| = 3.689457e-27
    k=  5: w = -1.116257632302e+00   |ov| = 1.457620e-24
    k=  6: w = -1.116257632302e+00   |ov| = 2.683219e-22
    k=  7: w = -1.116257632302e+00   |ov| = 5.026610e-20
    k=  8: w = -1.116257632302e+00   |ov| = 5.892718e-18
    k=  9: w = -1.116257632302e+00   |ov| = 4.781606e-16
    k= 10: w = -1.116257632302e+00   |ov| = 3.949062e-14

  xi (Inverse-Energy): sum = +9.298058e-02   sqrt(L) = 2.145966

  F(gamma) bei erwarteten chi_4-Nullstellen:
    k=1: gamma_chi4,1 = 6.020948406467813, F = +6.370447e-06
    k=2: gamma_chi4,2 = 10.243766565498344, F = +4.086686e-05
    k=3: gamma_chi4,3 = 12.988096097420339, F = +2.388644e-05
    k=4: gamma_chi4,4 = 16.343297172788688, F = -1.677203e-01
    k=5: gamma_chi4,5 = 18.291996171925028, F = +3.344783e-06

  F(gamma) bei Riemann-gamma_k (Sanity — sollten NICHT null sein):
    gamma_Riemann,1 = 14.1347251417, F = +1.037132e+01
    gamma_Riemann,2 = 21.0220396388, F = +3.134496e+00

  Scan F(z) auf [0.1, 30] nach Nullstellen:
  Gefundene Nullstellen:
    z_1 = 0.712066170347   erwartet = 6.020948406468   err = 5.309e+00
    z_2 = 1.364376353842   erwartet = 10.243766565498   err = 8.879e+00
    z_3 = 2.138384156055   erwartet = 12.988096097420   err = 1.085e+01
    z_4 = 2.728752707684   erwartet = 16.343297172789   err = 1.361e+01
    z_5 = 3.575099430687   erwartet = 18.291996171925   err = 1.472e+01
    z_6 = 4.093129061526
    z_7 = 5.090129540525
    z_8 = 5.457505415367
    z_9 = 6.020949006854
    z_10 = 6.821881769209
    z_11 = 7.761444747336
    z_12 = 8.186258123051
    z_13 = 9.306564432347
    z_14 = 9.550634476893
    z_15 = 10.243770411678
