======================================================================
Dirichlet chi_4 CCM-Test
  lambda = 3.0
  N      = 30
  dps    = 100
  parity = odd
  q_mod  = 4
======================================================================

  Baue QW bei lambda=3.000000, N=30, dps=100
  L = 2 log(lambda) = 2.197225
  chi parity = odd, q_mod = 4
  Baue W_R...
  Berechne alpha/beta/gamma (parity=odd) fuer n in [-30, 30]...
  Baue W_prime...
  Prim-Summe bis k_max = 9

  Projektion auf EVEN-Unterraum (Dim N+1 = 31)...
  Diagonalisiere EVEN-Matrix (31x31)...
  Diagonalisiere 31x31 mit mp.eigsy (dps=100)...
    Fertig in 0.7s

  Niedrigste 15 Eigenwerte:
    k=  0: w = +5.055673856700e-01   gap = +1.474e-03
    k=  1: w = +5.070409574284e-01   gap = +9.014e-01
    k=  2: w = +1.408459554331e+00   gap = +6.072e-01
    k=  3: w = +2.015613804068e+00   gap = +3.666e-02
    k=  4: w = +2.052271287890e+00   gap = +3.261e-01
    k=  5: w = +2.378344646533e+00   gap = +2.494e-01
    k=  6: w = +2.627711683110e+00   gap = +1.731e-01
    k=  7: w = +2.800837185957e+00   gap = +4.784e-02
    k=  8: w = +2.848673235328e+00   gap = +1.887e-01
    k=  9: w = +3.037354776441e+00   gap = +7.875e-02
    k= 10: w = +3.116107046418e+00   gap = +1.352e-01
    k= 11: w = +3.251273472940e+00   gap = +1.008e-01
    k= 12: w = +3.352112541516e+00   gap = +5.183e-02
    k= 13: w = +3.403946796374e+00   gap = +2.091e-01
    k= 14: w = +3.613076319876e+00   gap = +1.766e-02

  Overlaps |<delta_N, Q_even[:,k]>| fuer k=0..10:
    k=  0: w = +5.055673856700e-01   |ov| = 2.548151e-04
    k=  1: w = +5.070409574284e-01   |ov| = 9.548295e-02
    k=  2: w = +1.408459554331e+00   |ov| = 1.070846e+00
    k=  3: w = +2.015613804068e+00   |ov| = 5.852494e-02
    k=  4: w = +2.052271287890e+00   |ov| = 2.187351e-01
    k=  5: w = +2.378344646533e+00   |ov| = 1.407680e+00
    k=  6: w = +2.627711683110e+00   |ov| = 2.547754e-01
    k=  7: w = +2.800837185957e+00   |ov| = 7.091336e-01
    k=  8: w = +2.848673235328e+00   |ov| = 1.325891e+00
    k=  9: w = +3.037354776441e+00   |ov| = 4.268600e-01
    k= 10: w = +3.116107046418e+00   |ov| = 5.048560e-01

  xi (Inverse-Energy): sum = +8.413031e-02   sqrt(L) = 1.482304

  F(gamma) bei erwarteten chi_4-Nullstellen:
    k=1: gamma_chi4,1 = 6.020948406467813, F = -9.206702e-05
    k=2: gamma_chi4,2 = 10.243766565498344, F = -1.569129e-04
    k=3: gamma_chi4,3 = 12.988096097420339, F = -4.481040e-04
    k=4: gamma_chi4,4 = 16.343297172788688, F = -2.174007e-03
    k=5: gamma_chi4,5 = 18.291996171925028, F = -3.526838e-03

  F(gamma) bei Riemann-gamma_k (Sanity — sollten NICHT null sein):
    gamma_Riemann,1 = 14.1347251417, F = +1.179020e+00
    gamma_Riemann,2 = 21.0220396388, F = -3.450700e-02

  Scan F(z) auf [0.1, 30] nach Nullstellen:
  Gefundene Nullstellen:
    z_1 = 2.859600867380   erwartet = 6.020948406468   err = 3.161e+00
    z_2 = 4.560165115421   erwartet = 10.243766565498   err = 5.684e+00
    z_3 = 5.719201734760   erwartet = 12.988096097420   err = 7.269e+00
    z_4 = 6.020982658054   erwartet = 16.343297172789   err = 1.032e+01
    z_5 = 8.578802602140   erwartet = 18.291996171925   err = 9.713e+00
    z_6 = 10.244037223114
    z_7 = 11.438403469521
    z_8 = 12.989672966198
    z_9 = 14.298004336901
    z_10 = 16.358946073452
    z_11 = 17.157605204281
    z_12 = 18.338154049666
    z_13 = 20.017206071661
    z_14 = 21.622495848809
    z_15 = 22.876806939041
