======================================================================
Dirichlet chi_4 CCM-Test
  lambda = 3.0
  N      = 30
  dps    = 100
  parity = odd
  q_mod  = 4
======================================================================

  Baue QW bei lambda=3.000000, N=30, dps=100
  L = 2 log(lambda) = 2.197225
  chi parity = odd, q_mod = 4
  Baue W_R...
  Berechne alpha/beta/gamma (parity=odd) fuer n in [-30, 30]...
  Conductor-Korrektur: log(4/pi)/L auf W_R
  Baue W_prime...
  Prim-Summe bis k_max = 9

  Projektion auf EVEN-Unterraum (Dim N+1 = 31)...
  Diagonalisiere EVEN-Matrix (31x31)...
  Diagonalisiere 31x31 mit mp.eigsy (dps=100)...
    Fertig in 0.7s

  Niedrigste 15 Eigenwerte:
    k=  0: w = -1.083292669421e+01   gap = +5.308e+00
    k=  1: w = -5.524978171230e+00   gap = +3.965e-02
    k=  2: w = -5.485325073677e+00   gap = +2.572e-01
    k=  3: w = -5.228105117288e+00   gap = +3.516e-02
    k=  4: w = -5.192948451661e+00   gap = +6.508e-02
    k=  5: w = -5.127864406663e+00   gap = +1.237e-01
    k=  6: w = -5.004165483723e+00   gap = +4.457e-02
    k=  7: w = -4.959591721937e+00   gap = +1.683e-01
    k=  8: w = -4.791286778956e+00   gap = +1.320e-01
    k=  9: w = -4.659240336516e+00   gap = +1.391e-01
    k= 10: w = -4.520156912220e+00   gap = +2.741e-02
    k= 11: w = -4.492750689670e+00   gap = +5.405e-02
    k= 12: w = -4.438701428078e+00   gap = +4.627e-02
    k= 13: w = -4.392426785524e+00   gap = +4.871e-02
    k= 14: w = -4.343721226012e+00   gap = +1.707e-02

  Overlaps |<delta_N, Q_even[:,k]>| fuer k=0..10:
    k=  0: w = -1.083292669421e+01   |ov| = 5.204795e+00
    k=  1: w = -5.524978171230e+00   |ov| = 3.856875e-02
    k=  2: w = -5.485325073677e+00   |ov| = 6.771920e-02
    k=  3: w = -5.228105117288e+00   |ov| = 3.769228e-01
    k=  4: w = -5.192948451661e+00   |ov| = 9.589165e-02
    k=  5: w = -5.127864406663e+00   |ov| = 6.301638e-02
    k=  6: w = -5.004165483723e+00   |ov| = 2.247913e-02
    k=  7: w = -4.959591721937e+00   |ov| = 1.478327e-01
    k=  8: w = -4.791286778956e+00   |ov| = 1.895737e-01
    k=  9: w = -4.659240336516e+00   |ov| = 1.662715e-02
    k= 10: w = -4.520156912220e+00   |ov| = 8.661913e-02

  xi (Inverse-Energy): sum = +7.715087e+00   sqrt(L) = 1.482304

  F(gamma) bei erwarteten chi_4-Nullstellen:
    k=1: gamma_chi4,1 = 6.020948406467813, F = +6.053814e-02
    k=2: gamma_chi4,2 = 10.243766565498344, F = -5.767728e-03
    k=3: gamma_chi4,3 = 12.988096097420339, F = -1.055193e-03
    k=4: gamma_chi4,4 = 16.343297172788688, F = -1.186775e-02
    k=5: gamma_chi4,5 = 18.291996171925028, F = +1.038818e-02

  F(gamma) bei Riemann-gamma_k (Sanity — sollten NICHT null sein):
    gamma_Riemann,1 = 14.1347251417, F = -1.676956e-01
    gamma_Riemann,2 = 21.0220396388, F = +2.323341e-02

  Scan F(z) auf [0.1, 30] nach Nullstellen:
  Gefundene Nullstellen:
    z_1 = 1.484112883065   erwartet = 6.020948406468   err = 4.537e+00
    z_2 = 2.859600867380   erwartet = 10.243766565498   err = 7.384e+00
    z_3 = 4.390695069119   erwartet = 12.988096097420   err = 8.597e+00
    z_4 = 5.719201734760   erwartet = 16.343297172789   err = 1.062e+01
    z_5 = 6.939000398042   erwartet = 18.291996171925   err = 1.135e+01
    z_6 = 8.578802602140
    z_7 = 10.073030373693
    z_8 = 11.438403469521
    z_9 = 12.956258388098
    z_10 = 14.298004336901
    z_11 = 16.021520358859
    z_12 = 17.157605204281
    z_13 = 18.639202324498
    z_14 = 20.017206071661
    z_15 = 21.751255274868
