N-skalierte Weil-Positivitaets-Konvergenz
  DPS=50, Skalierung: N ~ 14*L (Fourier-Aufloesung ~ 88)
  Frage: Konvergiert w_min -> 0 wenn N ~ L?
==============================================================================================================
    lam    N  dim      L    #p             w_min    C_tilde   w_min/C n_neg clust     |F(g1)|  cancel    time
--------------------------------------------------------------------------------------------------------------
  lambda=3, N=30, dim=31, k_max=9, #primes=4
    WR fertig (5s)
    W' fertig (6s)
    Diag fertig (7s)
      3   30   31  2.197     4  -1.1504387693e+00 +4.8639e+00  -0.23653    12     5   3.485e-14    15.4      8s
  lambda=5, N=45, dim=46, k_max=25, #primes=9
    WR fertig (9s)
    W' fertig (12s)
    Diag fertig (14s)
      5   45   46  3.219     9  -1.5437299872e+00 +8.0189e+00  -0.19251    22    16   2.914e-14    13.4     18s
  lambda=7, N=55, dim=56, k_max=49, #primes=15
    WR fertig (13s)
    W' fertig (22s)
    Diag fertig (25s)
      7   55   56  3.892    15  -1.7332893202e+00 +1.0749e+01  -0.16125    31    25   9.022e-14    13.2     31s
  lambda=10, N=65, dim=66, k_max=100, #primes=25
    WR fertig (18s)
    W' fertig (36s)
    Diag fertig (42s)
     10   65   66  4.605    25  -1.8839361736e+00 +1.4505e+01  -0.12988    41    35   3.426e-13    13.4     51s
  lambda=15, N=76, dim=77, k_max=224, #primes=48
    WR fertig (23s)
    W' fertig (68s)
    Diag fertig (77s)
     15   76   77  5.416    48  -2.0061647346e+00 +2.0349e+01  -0.09859    52    46   4.400e-13    13.9     91s
  lambda=20, N=84, dim=85, k_max=400, #primes=78
    WR fertig (27s)
    W' fertig (114s)
    Diag fertig (125s)
     20   84   85  5.991    78  -2.0689432678e+00 +2.5941e+01  -0.07975    61    54   5.686e-13    13.2    144s
  lambda=30, N=96, dim=97, k_max=900, #primes=154
    WR fertig (33s)
    W' fertig (243s)
    Diag fertig (259s)
     30   96   97  6.802   154  -2.1328323642e+00 +3.6769e+01  -0.05801    72    66   1.396e-12    13.3    287s
  lambda=50, N=110, dim=111, k_max=2499, #primes=367
    WR fertig (40s)
    W' fertig (669s)
    Diag fertig (693s)
     50  110  111  7.824   367  -2.1847435048e+00 +5.7804e+01  -0.03780    86    80   6.398e-13    13.2    737s
  lambda=75, N=122, dim=123, k_max=5624, #primes=739
    WR fertig (47s)
    W' fertig (1569s)
    Diag fertig (1603s)
     75  122  123  8.635   739  -2.2109657292e+00 +8.3622e+01  -0.02644    98    92   2.196e-12    12.8   1663s
  lambda=100, N=130, dim=131, k_max=10000, #primes=1229
    WR fertig (51s)
    W' fertig (2887s)
    Diag fertig (2929s)
    100  130  131  9.210  1229  -2.2241435073e+00 +1.0920e+02  -0.02037   106   100   2.002e-12    13.2   3000s
  lambda=150, N=140, dim=141, k_max=22499, #primes=2515
    WR fertig (55s)
    W' fertig (7647s)
    Diag fertig (7701s)
    150  140  141 10.021  2515  -2.2373657296e+00 +1.6001e+02  -0.01398   117   110   2.961e-13    14.0   7790s
  lambda=200, N=148, dim=149, k_max=39999, #primes=4203
    WR fertig (60s)
    W' fertig (12565s)
    Diag fertig (12629s)
    200  148  149 10.597  4203  -2.2439935074e+00 +2.1059e+02  -0.01066   125   118   1.339e-13    13.5  12734s

==============================================================================================================

Konvergenz-Tabelle (N skaliert mit L):
    lam    N    N/L            w_min    w_min/C   cancel
      3   30   13.7 -1.1504387693e+00  -0.236526     15.4
      5   45   14.0 -1.5437299872e+00  -0.192512     13.4
      7   55   14.1 -1.7332893202e+00  -0.161252     13.2
     10   65   14.1 -1.8839361736e+00  -0.129880     13.4
     15   76   14.0 -2.0061647346e+00  -0.098586     13.9
     20   84   14.0 -2.0689432678e+00  -0.079754     13.2
     30   96   14.1 -2.1328323642e+00  -0.058006     13.3
     50  110   14.1 -2.1847435048e+00  -0.037796     13.2
     75  122   14.1 -2.2109657292e+00  -0.026440     12.8
    100  130   14.1 -2.2241435073e+00  -0.020368     13.2
    150  140   14.0 -2.2373657296e+00  -0.013982     14.0
    200  148   14.0 -2.2439935074e+00  -0.010656     13.5

  w_min: -1.150439e+00 (lam=3) -> -2.243994e+00 (lam=200)
  TREND: NEGATIVER => N-Skalierung reicht nicht
Traceback (most recent call last):
  File "/root/ccm_analysis/n_scaled_convergence.py", line 232, in <module>
    main()
  File "/root/ccm_analysis/n_scaled_convergence.py", line 226, in main
    with open(out_path, "w") as f:
         ^^^^^^^^^^^^^^^^^^^
FileNotFoundError: [Errno 2] No such file or directory: '/root/_results/batch_beta/n_scaled_convergence.json'
