================================================================================
dirichlet_ccm_mpmath.py
mpmath Praezision: 50 Dezimalstellen
lambda = sqrt(14) = 3.7416573868
L = 2*log(lambda) = 2.6390573296
N = 120, 2*pi/L = 2.380845
================================================================================

################################################################################
RIEMANN (chi_0) Sanity-Check -- SIGN_WR = -1
################################################################################
  Baue W_R (arch, praezise Prop 4.3)...
  Berechne alpha/beta/gamma fuer n in [-120, 120]...
  Cache gespeichert: WR_N120_L2.639057_riemann.npy
  Baue W_prime (Prim-Summe)...
QW-Matrix-Norm: 34.2321, diag-Werte: [-1.30885808 -1.30997052 -1.31031249 -1.30997052 -1.30885808]
Diagonale QW: min=-1.310312, max=4.000048, spread=5.310360e+00
  Abweichung diag von mean: 1.3910e+00
  Off-diag: max|.|=1.219610e+00, Frobenius=12.6552

  Top-10 Eigenvektoren nach |<delta_N|v>|:
    k=146  w=+2.08963898  |overlap|=0.2129  even=True
    k=240  w=+4.64593102  |overlap|=0.2067  even=True
    k=214  w=+3.47049531  |overlap|=0.2063  even=True
    k=157  w=+2.25769841  |overlap|=0.1989  even=True
    k= 60  w=+0.43117988  |overlap|=0.1983  even=True
    k= 28  w=-0.84993494  |overlap|=0.1976  even=True
    k= 50  w=-0.04149303  |overlap|=0.1923  even=True
    k=212  w=+3.42183467  |overlap|=0.1863  even=True
    k=223  w=+3.84737074  |overlap|=0.1843  even=True
    k= 65  w=+0.56106314  |overlap|=0.1826  even=True
  find_ground_state: even, w_min=-1.33690542, Cluster-Groesse d=23 (tol=0.0001)
    Top-10 EWs: -1.336905, -1.336905, -1.336905, -1.336905, -1.336905, -1.336905, -1.336905, -1.336905, -1.336905, -1.336905
    Projektion von delta_N (even) in Cluster: ||P||=0.0019, nach parity-sym: 0.0019
    xi konstruiert: eps=-1.33689745 (vs w_min=-1.33690542, Delta=7.96e-06)
    sum(xi)=+2.9336e-02, sum(j*xi)=+1.7764e-15

Grundzustand (v2, Projektion): k=0, eps_N=-1.336897, parity even: True
sum(xi) vor Norm = 0.029336 (Ziel sqrt(L)=1.624518)
sum(xi) nach Norm = 1.624518

  [ALT] Teste Eigenvektor mit max |<delta_N|v>| (even):
    -> k=146, w=2.089639, overlap=-0.2129
    [ALT] Erste 8 Nullstellen:
      z_1 = 1.0443877178  Fehler: -1.309e+01
      z_2 = 3.1494975912  Fehler: -1.787e+01
      z_3 = 5.2920297546  Fehler: -1.972e+01
      z_4 = 7.4733264223  Fehler: -2.295e+01
      z_5 = 9.6842577416  Fehler: -2.325e+01
      z_6 = 11.9137313276  Fehler: -2.567e+01
      z_7 = 14.2322767129  Fehler: -2.669e+01
      z_8 = 16.3866719543  Fehler: -2.694e+01

Nullstellen von F(z) in (0.5, 285.70):
  z_1 = 1.2477235696   (bekannt: 14.1347251417, Fehler: -1.289e+01)
  z_2 = 3.7439409244   (bekannt: 21.0220396388, Fehler: -1.728e+01)
  z_3 = 6.2427882116   (bekannt: 25.0108575801, Fehler: -1.877e+01)
  z_4 = 8.7476263992   (bekannt: 30.4248761259, Fehler: -2.168e+01)
  z_5 = 11.2690621933   (bekannt: 32.9350615877, Fehler: -2.167e+01)
  z_6 = 14.1347265566
  z_7 = 16.1617861279

[alpha.1-Test aktiv: ueberspringe chi_4/chi_33 bis Riemann sanity ok]
