======================================================================
dirichlet_ccm_fourier_mp.py
  mpmath dps = 150
  N          = 60
  lambda     = 3.741657
  chi        = trivial
======================================================================

  Baue QW bei lambda=3.741657, N=60, dps=150
  L = 2 log(lambda) = 2.639057
  Baue W_R...
  Berechne alpha/beta/gamma fuer n in [-60, 60]...
  Baue W_prime...
  Prim-Summe bis k_max = 13
  Baue W_02 (Pol)...

  [Diagnose] Vollraum-Diagonalisierung:
  Diagonalisiere 121x121 mit mp.eigsy (dps=150)...
    Fertig in 35.0s
    Niedrigste 10 Eigenwerte (Vollraum):
      k=  0: w = -1.336905418156517e+00
      k=  1: w = -1.336905418156517e+00
      k=  2: w = -1.336905418156517e+00
      k=  3: w = -1.336905418156517e+00
      k=  4: w = -1.336905418156517e+00
      k=  5: w = -1.336905418156517e+00
      k=  6: w = -1.336905418156517e+00
      k=  7: w = -1.336905418156517e+00
      k=  8: w = -1.336905418156517e+00
      k=  9: w = -1.336905418156517e+00

  Projektion auf EVEN-Unterraum (Dim N+1 = 61)...
  Diagonalisiere EVEN-Matrix (61x61)...
  Diagonalisiere 61x61 mit mp.eigsy (dps=150)...
    Fertig in 4.7s

  Niedrigste 15 Eigenwerte (EVEN-Unterraum):
    k=  0: w = -1.336905418156517e+00   gap-to-next = +9.949e-56
    k=  1: w = -1.336905418156517e+00   gap-to-next = +6.739e-49
    k=  2: w = -1.336905418156517e+00   gap-to-next = +1.287e-42
    k=  3: w = -1.336905418156517e+00   gap-to-next = +6.937e-37
    k=  4: w = -1.336905418156517e+00   gap-to-next = +2.549e-31
    k=  5: w = -1.336905418156517e+00   gap-to-next = +2.573e-26
    k=  6: w = -1.336905418156517e+00   gap-to-next = +1.838e-21
    k=  7: w = -1.336905418156517e+00   gap-to-next = +4.105e-17
    k=  8: w = -1.336905418156517e+00   gap-to-next = +7.181e-13
    k=  9: w = -1.336905418155799e+00   gap-to-next = +3.826e-09
    k= 10: w = -1.336905414329658e+00   gap-to-next = +1.099e-05
    k= 11: w = -1.336894420497858e+00   gap-to-next = +1.039e-02
    k= 12: w = -1.326507682590307e+00   gap-to-next = +4.552e-01
    k= 13: w = -8.712625218615743e-01   gap-to-next = +7.844e-02
    k= 14: w = -7.928198566262766e-01   gap-to-next = +1.819e-01

  Cluster-Projektion im Even-Unterraum (tol=1e-3):
    Cluster-Groesse = 12  (k=0..11)
    Projektions-Koeffizienten: ['+3.284e-31', '-1.955e-27', '+5.077e-24', '+7.068e-21', '+5.159e-18', '+3.214e-15']...

  Grundzustand:
    w_min       = -1.336905418156517e+00
    |<delta_N, xi>| = 1.958347e-02
    sum(xi_j)   = 3.181370e-02   (sqrt(L) = 1.624518)
    xi normiert: sum -> sqrt(L)

  Suche F(z)-Nullstellen bei z in [0, 50]...
    Gefundene Nullstellen (Grob-Scan): ['1.2481', '2.3808', '3.7449', '4.7617', '6.2445', '7.1425', '8.7499', '9.5234']

  F(gamma_k) direkt (sollte 0 sein):
    k=1: gamma_1 = 14.1347251417, F = +9.105e-05
    k=2: gamma_2 = 21.0220396388, F = -2.495e-05
    k=3: gamma_3 = 25.0108575801, F = -3.760e-05
    k=4: gamma_4 = 30.4248761259, F = -4.658e-05
    k=5: gamma_5 = 32.9350615877, F = -6.469e-05

  Scan nach Vorzeichenwechseln in F(z) auf [0.1, 50]...
  Gefundene Nullstellen:
    z_1 = 1.248058998252   gamma_1 = 14.134725141735   err = 1.289e+01
    z_2 = 2.380844567744   gamma_2 = 21.022039638772   err = 1.864e+01
    z_3 = 3.744944880170   gamma_3 = 25.010857580146   err = 2.127e+01
    z_4 = 4.761689135488   gamma_4 = 30.424876125860   err = 2.566e+01
    z_5 = 6.244450199878   gamma_5 = 32.935061587739   err = 2.669e+01
    z_6 = 7.142533703232
    z_7 = 8.749909397156
    z_8 = 9.523378270976
    z_9 = 11.271803475173
    z_10 = 11.904222838720

  Gesamtzeit: 125.0s
