================================================================================
dirichlet_ccm_mpmath.py
mpmath Praezision: 50 Dezimalstellen
lambda = sqrt(14) = 3.7416573868
L = 2*log(lambda) = 2.6390573296
N = 60, 2*pi/L = 2.380845
================================================================================

################################################################################
RIEMANN (chi_0) Sanity-Check -- SIGN_WR = +1
################################################################################
  Baue W_R (arch, praezise Prop 4.3)...
  Berechne alpha/beta/gamma fuer n in [-60, 60]...
  Cache gespeichert: WR_N60_L2.639057_riemann.npy
  Baue W_prime (Prim-Summe)...
QW-Matrix-Norm: 21.0166, diag-Werte: [1.92321303 3.34051238 7.21207339 3.34051238 1.92321303]
Diagonale QW: min=-3.618570, max=7.212073, spread=1.083064e+01
  Abweichung diag von mean: 1.5551e+00
  Off-diag: max|.|=9.869074e-01, Frobenius=9.1151

  Top-10 Eigenvektoren nach |<delta_N|v>|:
    k= 10  w=-3.04811071  |overlap|=0.3513  even=True
    k= 46  w=-1.18270625  |overlap|=0.2797  even=True
    k=  2  w=-3.91766791  |overlap|=0.2501  even=True
    k= 64  w=-0.68138080  |overlap|=0.2451  even=True
    k= 82  w=+0.00662336  |overlap|=0.2269  even=True
    k= 32  w=-1.76705946  |overlap|=0.2146  even=True
    k=110  w=+1.39373518  |overlap|=0.2130  even=True
    k=  4  w=-3.58269601  |overlap|=0.2049  even=True
    k= 50  w=-1.07284892  |overlap|=0.1859  even=True
    k= 40  w=-1.54391852  |overlap|=0.1752  even=True
  find_ground_state: even, w_min=-3.93532664, Cluster-Groesse d=1 (tol=0.0001)
    Top-10 EWs: -3.935327, -3.934979, -3.917668, -3.892812, -3.582696, -3.539959, -3.428473, -3.424528, -3.274458, -3.262724
    Projektion von delta_N (even) in Cluster: ||P||=0.0213, nach parity-sym: 0.0213
    xi konstruiert: eps=-3.93532664 (vs w_min=-3.93532664, Delta=-4.44e-16)
    sum(xi)=+2.3450e-01, sum(j*xi)=+1.3323e-15

Grundzustand (v2, Projektion): k=0, eps_N=-3.935327, parity even: True
sum(xi) vor Norm = 0.234495 (Ziel sqrt(L)=1.624518)
sum(xi) nach Norm = 1.624518

  [ALT] Teste Eigenvektor mit max |<delta_N|v>| (even):
    -> k=10, w=-3.048111, overlap=0.3513
    [ALT] Erste 8 Nullstellen:
      z_1 = 0.9660702552  Fehler: -1.317e+01
      z_2 = 3.3065309240  Fehler: -1.772e+01
      z_3 = 5.6434714415  Fehler: -1.937e+01
      z_4 = 7.9917697311  Fehler: -2.243e+01
      z_5 = 10.3612284359  Fehler: -2.257e+01
      z_6 = 12.8476958034  Fehler: -2.474e+01
      z_7 = 14.6953246715  Fehler: -2.622e+01
      z_8 = 17.3340730650  Fehler: -2.599e+01

Nullstellen von F(z) in (0.5, 142.85):
  z_1 = 0.9911013057   (bekannt: 14.1347251417, Fehler: -1.314e+01)
  z_2 = 3.3530547569   (bekannt: 21.0220396388, Fehler: -1.767e+01)
  z_3 = 5.7085360948   (bekannt: 25.0108575801, Fehler: -1.930e+01)
  z_4 = 8.0733683093   (bekannt: 30.4248761259, Fehler: -2.235e+01)
  z_5 = 10.4576602155   (bekannt: 32.9350615877, Fehler: -2.248e+01)
  z_6 = 12.9618304965
  z_7 = 14.8694694695

[alpha.1-Test aktiv: ueberspringe chi_4/chi_33 bis Riemann sanity ok]
