Grundzustand-Varianten bei N=30, dps=100, lambda=sqrt(14)
======================================================================

  Baue QW bei lambda=3.000000, N=30, dps=100
  L = 2 log(lambda) = 2.197225
  Baue W_R...
  Berechne alpha/beta/gamma fuer n in [-30, 30]...
  Baue W_prime...
  Prim-Summe bis k_max = 9
  Baue W_02 (Pol)...
  Diagonalisiere 31x31 mit mp.eigsy (dps=100)...
    Fertig in 0.6s

  Overlaps |<delta_N_even, Q_even[:,k]>| fuer k=0..15:
    k=  0: w = -1.150438769316e+00   |ov| = 3.298209e-18
    k=  1: w = -1.150438769316e+00   |ov| = 6.905906e-15
    k=  2: w = -1.150438769316e+00   |ov| = 6.980119e-12
    k=  3: w = -1.150438769316e+00   |ov| = 3.480950e-09
    k=  4: w = -1.150438769316e+00   |ov| = 8.605402e-07
    k=  5: w = -1.150438768648e+00   |ov| = 1.323940e-04
    k=  6: w = -1.150433750736e+00   |ov| = 1.124588e-02
    k=  7: w = -1.141921422290e+00   |ov| = 4.728629e-01
    k=  8: w = -5.861147813731e-01   |ov| = 1.493104e+00
    k=  9: w = -4.567819322271e-01   |ov| = 9.697295e-01
    k= 10: w = -2.287296533155e-01   |ov| = 2.213587e-01
    k= 11: w = -1.453520559907e-01   |ov| = 2.249341e+00
    k= 12: w = +1.083264643309e-01   |ov| = 4.149074e-01
    k= 13: w = +4.433457042002e-01   |ov| = 5.444737e-01
    k= 14: w = +5.930857027259e-01   |ov| = 2.164095e-01
    k= 15: w = +6.374053604666e-01   |ov| = 7.401512e-01

======================================================================
Variante (a): Einzelne Eigenvektoren als xi
======================================================================
  k=  0: w=-1.15043877e+00  |ov|=3.298e-18  F(g1)=+4.406e+00  F(g2)=+5.274e-02  F(g3)=-1.739e-03
  k=  1: w=-1.15043877e+00  |ov|=6.906e-15  F(g1)=-2.639e-02  F(g2)=-7.331e-04  F(g3)=+3.490e-05
  k=  2: w=-1.15043877e+00  |ov|=6.980e-12  F(g1)=+1.214e-04  F(g2)=+9.002e-06  F(g3)=-6.369e-07
  k=  3: w=-1.15043877e+00  |ov|=3.481e-09  F(g1)=-3.984e-07  F(g2)=-9.979e-08  F(g3)=+1.073e-08
  k=  4: w=-1.15043877e+00  |ov|=8.605e-07  F(g1)=-4.049e-08  F(g2)=+7.900e-09  F(g3)=+9.558e-09
  k=  5: w=-1.15043877e+00  |ov|=1.324e-04  F(g1)=-2.784e-06  F(g2)=+6.228e-07  F(g3)=+4.444e-07
  k=  6: w=-1.15043375e+00  |ov|=1.125e-02  F(g1)=+1.233e-05  F(g2)=-3.761e-05  F(g3)=-9.573e-05
  k=  7: w=-1.14192142e+00  |ov|=4.729e-01  F(g1)=+5.979e-03  F(g2)=-1.839e-03  F(g3)=-8.503e-04
  k=  8: w=-5.86114781e-01  |ov|=1.493e+00  F(g1)=+1.028e-01  F(g2)=-1.890e-02  F(g3)=+1.528e-02
  k=  9: w=-4.56781932e-01  |ov|=9.697e-01  F(g1)=+7.725e-02  F(g2)=-1.462e-02  F(g3)=+8.503e-03
  k= 10: w=-2.28729653e-01  |ov|=2.214e-01  F(g1)=-2.210e-01  F(g2)=+3.004e-02  F(g3)=-1.033e-01
  k= 11: w=-1.45352056e-01  |ov|=2.249e+00  F(g1)=+1.344e-01  F(g2)=-2.152e-02  F(g3)=+4.321e-02
  k= 12: w=+1.08326464e-01  |ov|=4.149e-01  F(g1)=+1.602e+00  F(g2)=-4.607e-01  F(g3)=+9.377e-01
  k= 13: w=+4.43345704e-01  |ov|=5.445e-01  F(g1)=+1.194e-01  F(g2)=-1.437e-01  F(g3)=+1.618e-01
  k= 14: w=+5.93085703e-01  |ov|=2.164e-01  F(g1)=-2.251e+00  F(g2)=-1.014e+00  F(g3)=+9.166e-01

======================================================================
Variante (b): Cluster-Projektion (Baseline)
======================================================================
  Cluster k=0..6: |ov|=1.125e-02  F(g1)=+1.232e-05  F(g2)=-3.760e-05  F(g3)=-9.572e-05

======================================================================
Variante (c): Inverse-Energy-Weighting
======================================================================
  Inv-Energy: |ov|=3.440e-02  F(g1)=+4.184e-08  F(g2)=+2.277e-06  F(g3)=+6.069e-06

======================================================================
Variante (d): Max-Overlap-EV allein
======================================================================
  Max-ov k=28: w=+2.34042282e+00  |ov|=2.341e+00  F(g1)=-1.731e-01  F(g2)=-6.598e-03  F(g3)=-5.275e-02
