Grundzustand-Varianten bei N=60, dps=150, lambda=sqrt(14)
======================================================================

  Baue QW bei lambda=3.000000, N=60, dps=150
  L = 2 log(lambda) = 2.197225
  Baue W_R...
  Berechne alpha/beta/gamma fuer n in [-60, 60]...
  Baue W_prime...
  Prim-Summe bis k_max = 9
  Baue W_02 (Pol)...
  Diagonalisiere 61x61 mit mp.eigsy (dps=150)...
    Fertig in 5.2s

  Overlaps |<delta_N_even, Q_even[:,k]>| fuer k=0..15:
    k=  0: w = -1.150438769316e+00   |ov| = 1.032662e-18
    k=  1: w = -1.150438769316e+00   |ov| = 2.891509e-15
    k=  2: w = -1.150438769316e+00   |ov| = 4.028204e-12
    k=  3: w = -1.150438769316e+00   |ov| = 2.112399e-09
    k=  4: w = -1.150438769316e+00   |ov| = 5.875938e-07
    k=  5: w = -1.150438768937e+00   |ov| = 9.505014e-05
    k=  6: w = -1.150435311418e+00   |ov| = 1.022838e-02
    k=  7: w = -1.145446490779e+00   |ov| = 3.411167e-01
    k=  8: w = -6.221819210145e-01   |ov| = 1.460974e+00
    k=  9: w = -4.860971535930e-01   |ov| = 5.065718e-01
    k= 10: w = -3.924933978334e-01   |ov| = 7.204561e-01
    k= 11: w = -2.842334501418e-01   |ov| = 1.244447e+00
    k= 12: w = -2.145706335891e-01   |ov| = 7.260283e-01
    k= 13: w = +3.761973934487e-02   |ov| = 5.687052e-01
    k= 14: w = +1.012214502507e-01   |ov| = 2.058309e-01
    k= 15: w = +1.213673873295e-01   |ov| = 1.030185e+00

======================================================================
Variante (a): Einzelne Eigenvektoren als xi
======================================================================
  k=  0: w=-1.15043877e+00  |ov|=1.033e-18  F(g1)=+1.421e+01  F(g2)=+1.723e-01  F(g3)=-5.736e-03
  k=  1: w=-1.15043877e+00  |ov|=2.892e-15  F(g1)=-6.332e-02  F(g2)=-1.773e-03  F(g3)=+8.490e-05
  k=  2: w=-1.15043877e+00  |ov|=4.028e-12  F(g1)=+2.108e-04  F(g2)=+1.570e-05  F(g3)=-1.115e-06
  k=  3: w=-1.15043877e+00  |ov|=2.112e-09  F(g1)=-6.555e-07  F(g2)=-1.649e-07  F(g3)=+1.796e-08
  k=  4: w=-1.15043877e+00  |ov|=5.876e-07  F(g1)=-2.554e-08  F(g2)=+5.519e-09  F(g3)=+5.711e-09
  k=  5: w=-1.15043877e+00  |ov|=9.505e-05  F(g1)=-2.205e-06  F(g2)=+4.934e-07  F(g3)=+3.531e-07
  k=  6: w=-1.15043531e+00  |ov|=1.023e-02  F(g1)=+9.619e-06  F(g2)=-2.860e-05  F(g3)=-7.256e-05
  k=  7: w=-1.14544649e+00  |ov|=3.411e-01  F(g1)=+4.905e-03  F(g2)=-1.497e-03  F(g3)=-6.667e-04
  k=  8: w=-6.22181921e-01  |ov|=1.461e+00  F(g1)=+1.065e-01  F(g2)=-1.861e-02  F(g3)=+1.766e-02
  k=  9: w=-4.86097154e-01  |ov|=5.066e-01  F(g1)=+6.816e-02  F(g2)=-9.522e-03  F(g3)=+1.396e-02
  k= 10: w=-3.92493398e-01  |ov|=7.205e-01  F(g1)=+3.967e-02  F(g2)=-1.049e-02  F(g3)=-4.797e-03
  k= 11: w=-2.84233450e-01  |ov|=1.244e+00  F(g1)=+6.545e-02  F(g2)=-7.526e-03  F(g3)=+2.377e-02
  k= 12: w=-2.14570634e-01  |ov|=7.260e-01  F(g1)=+2.305e-01  F(g2)=-3.278e-02  F(g3)=+8.653e-02
  k= 13: w=+3.76197393e-02  |ov|=5.687e-01  F(g1)=+2.240e-01  F(g2)=-4.665e-02  F(g3)=+8.913e-02
  k= 14: w=+1.01221450e-01  |ov|=2.058e-01  F(g1)=-2.085e+00  F(g2)=+6.136e-01  F(g3)=-1.320e+00

======================================================================
Variante (b): Cluster-Projektion (Baseline)
======================================================================
  Cluster k=0..6: |ov|=1.023e-02  F(g1)=+9.618e-06  F(g2)=-2.859e-05  F(g3)=-7.255e-05

======================================================================
Variante (c): Inverse-Energy-Weighting
======================================================================
  Inv-Energy: |ov|=3.114e-02  F(g1)=-5.067e-07  F(g2)=+2.647e-06  F(g3)=+6.804e-06

======================================================================
Variante (d): Max-Overlap-EV allein
======================================================================
  Max-ov k=59: w=+3.56300978e+00  |ov|=3.337e+00  F(g1)=-2.737e-02  F(g2)=+2.743e-05  F(g3)=-6.418e-03
