Grundzustand-Varianten bei N=60, dps=150, lambda=sqrt(14)
======================================================================

  Baue QW bei lambda=3.741657, N=60, dps=150
  L = 2 log(lambda) = 2.639057
  Baue W_R...
  Berechne alpha/beta/gamma fuer n in [-60, 60]...
  Baue W_prime...
  Prim-Summe bis k_max = 13
  Baue W_02 (Pol)...
  Diagonalisiere 61x61 mit mp.eigsy (dps=150)...
    Fertig in 4.7s

  Overlaps |<delta_N_even, Q_even[:,k]>| fuer k=0..15:
    k=  0: w = -1.336905418157e+00   |ov| = 3.284166e-31
    k=  1: w = -1.336905418157e+00   |ov| = 1.954572e-27
    k=  2: w = -1.336905418157e+00   |ov| = 5.076891e-24
    k=  3: w = -1.336905418157e+00   |ov| = 7.068153e-21
    k=  4: w = -1.336905418157e+00   |ov| = 5.158717e-18
    k=  5: w = -1.336905418157e+00   |ov| = 3.213642e-15
    k=  6: w = -1.336905418157e+00   |ov| = 1.003135e-12
    k=  7: w = -1.336905418157e+00   |ov| = 2.700341e-10
    k=  8: w = -1.336905418157e+00   |ov| = 3.955056e-08
    k=  9: w = -1.336905418156e+00   |ov| = 5.281379e-06
    k= 10: w = -1.336905414330e+00   |ov| = 3.770448e-04
    k= 11: w = -1.336894420498e+00   |ov| = 1.957984e-02
    k= 12: w = -1.326507682590e+00   |ov| = 6.272083e-01
    k= 13: w = -8.712625218616e-01   |ov| = 3.978628e-02
    k= 14: w = -7.928198566263e-01   |ov| = 2.474604e+00
    k= 15: w = -6.109500274343e-01   |ov| = 8.610683e-01

======================================================================
Variante (a): Einzelne Eigenvektoren als xi
======================================================================
  k=  0: w=-1.33690542e+00  |ov|=3.284e-31  F(g1)=-3.763e+13  F(g2)=-7.143e+11  F(g3)=-8.268e+09
  k=  1: w=-1.33690542e+00  |ov|=1.955e-27  F(g1)=+8.143e+10  F(g2)=+3.546e+09  F(g3)=+5.879e+07
  k=  2: w=-1.33690542e+00  |ov|=5.077e-24  F(g1)=-1.511e+08  F(g2)=-1.729e+07  F(g3)=-4.225e+05
  k=  3: w=-1.33690542e+00  |ov|=7.068e-21  F(g1)=+2.075e+05  F(g2)=+7.648e+04  F(g3)=+2.844e+03
  k=  4: w=-1.33690542e+00  |ov|=5.159e-18  F(g1)=+5.523e+01  F(g2)=-2.251e+02  F(g3)=-1.493e+01
  k=  5: w=-1.33690542e+00  |ov|=3.214e-15  F(g1)=-3.984e-01  F(g2)=+5.189e-01  F(g3)=+7.374e-02
  k=  6: w=-1.33690542e+00  |ov|=1.003e-12  F(g1)=-1.405e-03  F(g2)=+6.485e-04  F(g3)=-1.227e-04
  k=  7: w=-1.33690542e+00  |ov|=2.700e-10  F(g1)=-7.410e-07  F(g2)=-5.441e-06  F(g3)=-5.541e-07
  k=  8: w=-1.33690542e+00  |ov|=3.955e-08  F(g1)=+1.510e-08  F(g2)=-3.427e-08  F(g3)=+1.095e-09
  k=  9: w=-1.33690542e+00  |ov|=5.281e-06  F(g1)=-2.943e-08  F(g2)=-2.743e-08  F(g3)=-2.641e-09
  k= 10: w=-1.33690541e+00  |ov|=3.770e-04  F(g1)=-1.471e-07  F(g2)=-2.096e-06  F(g3)=-1.016e-06
  k= 11: w=-1.33689442e+00  |ov|=1.958e-02  F(g1)=+9.109e-05  F(g2)=-2.496e-05  F(g3)=-3.762e-05
  k= 12: w=-1.32650768e+00  |ov|=6.272e-01  F(g1)=+5.202e-03  F(g2)=+1.004e-03  F(g3)=-6.538e-04
  k= 13: w=-8.71262522e-01  |ov|=3.979e-02  F(g1)=-4.121e-01  F(g2)=-1.265e-01  F(g3)=+1.275e-02
  k= 14: w=-7.92819857e-01  |ov|=2.475e+00  F(g1)=+5.496e-02  F(g2)=+1.573e-02  F(g3)=-2.225e-03

======================================================================
Variante (b): Cluster-Projektion (Baseline)
======================================================================
  Cluster k=0..11: |ov|=1.958e-02  F(g1)=+9.105e-05  F(g2)=-2.495e-05  F(g3)=-3.760e-05

======================================================================
Variante (c): Inverse-Energy-Weighting
======================================================================
  Inv-Energy: |ov|=5.803e-02  F(g1)=-2.862e-06  F(g2)=+1.512e-06  F(g3)=+1.537e-06

======================================================================
Variante (d): Max-Overlap-EV allein
======================================================================
  Max-ov k=14: w=-7.92819857e-01  |ov|=2.475e+00  F(g1)=+5.496e-02  F(g2)=+1.573e-02  F(g3)=-2.225e-03
